au-nsw_Transport-for-New-South-Wales-cbd-and-southeast-lr 3 rail services
au-nsw_Transport-for-New-South-Wales-inner-west-lr 1 rail services
au-nsw_Transport-for-New-South-Wales-metro 1 rail services
au-nsw_Transport-for-New-South-Wales-newcastle-lr 1 rail services
au-nsw_Transport-for-New-South-Wales-nsw-trains 31 rail services
au-nsw_Transport-for-New-South-Wales-parramatta-lr 1 rail services
au-nsw_Transport-for-New-South-Wales-sydney-trains 25 rail services
au-vic_Transport-Victoria-interstate 1 rail services
au-vic_Transport-Victoria-metro-trains 34 rail services
au-vic_Transport-Victoria-metro-trams 24 rail services
au-vic_Transport-Victoria-regional-trains 5 rail services
bg_sofia 28 rail services
br_sao-paulo 16 rail services
cz_IDS-JMK 42 rail services
cz_JDF-merged 32 rail services
cz_PMDP 3 rail services
ee_elron 27 rail services
ee_tallinn 6 rail services
es_Cercan-as-Renfe-08947ebad1d6 512 rail services
es_Euskotren 12 rail services
es_Funicular-de-Artxanda 1 rail services
es_Metro-Bilbao 1 rail services
es_Puente-Colgante-Bizkaia 1 rail services
es_RENFE-Larga-Distancia-y-AVE 35 rail services
es_Transporte-p-blico-de-la-Isla-de-Mallorca-abd9b80431fa 4 rail services
et_addisababatransportall 2 rail services
eu_european-sleeper 6 rail services
eu_flixbus 3 rail services
eu_optimaexpress 1 rail services
fr_angers-loire-metropole-reseau-irigo-gtfs-gtfs-rt-siri 3 rail services
fr_base-de-donnees-multimodale-des-reseaux-de-transport-public-normands 3 rail services
fr_breizhgo-ter 91 rail services
fr_caen-la-mer-reseau-twisto-gtfs-siri 3 rail services
fr_citalis-telepherique-papang 1 rail services
fr_donnees-statiques-et-dynamiques-du-reseau-de-transport-lignes-dazur 4 rail services
fr_donnees-statiques-et-temps-reel-du-reseau-astuce-metropole-rouen-normandie 1 rail services
fr_donnees-theoriques-gtfs-et-temps-reel-siri-lite-du-reseau-cts 6 rail services
fr_eurostar-gtfs-plan-de-transport-et-temps-reel 24 rail services
fr_fil-bleu-syndicat-des-mobilites-gtfs-gtfs-rt 1 rail services
fr_fr-200052264-t0014-0000-1 4 rail services
fr_fr-200052264-t0017-0000-1 1 rail services
fr_gtfs-diviamobilites 2 rail services
fr_gtfs-du-reseau-des-transports-bus-et-tramway-setram-circulant-sur-le-territoire-le-mans-metropole 2 rail services
fr_gtfs-et-siri-du-reseau-ginko-besancon-lignes-urbaines-et-periurbaines 2 rail services
fr_horaires-ave-espagne-france 1 rail services
fr_horaires-des-trains-trenitalia-france 6 rail services
fr_horaires-du-reseau-stas 3 rail services
fr_horaires-sncf 553 rail services
fr_horaires-theoriques-du-reseau-tag 5 rail services
fr_horaires-theoriques-et-temps-reel-des-bus-et-tramways-circulant-sur-le-territoire-de-brest-metropole 2 rail services
fr_ilevia-localisation-des-arrets-bus-metro-et-tram-gtfs 3 rail services
fr_jeu-de-donnee-spl-estival-2025--83774 1 rail services
fr_lignes-des-reseaux-transport-zou-provence-alpes-cote-d-azur-express-3-3 29 rail services
fr_lyon-tcl 15 rail services
fr_offre-de-transport-du-reseau-grand-reims-mobilites-communaute-urbaine-du-grand-reims 1 rail services
fr_offre-de-transport-solea-et-tram-train-en-format-gtfs-1 4 rail services
fr_offres-de-services-bus-tram-et-scolaire-au-format-gtfs-netex-gtfs-rt-siri-lite 6 rail services
fr_r-seau-urbain-T2C-6d1c277ed679 1 rail services
fr_reseau-de-transport-en-commun-lia-gtfs-siri 2 rail services
fr_reseau-orizo-grand-avignon 1 rail services
fr_reseau-urbain-STAR 2 rail services
fr_reseaux-de-transports-en-commun-de-la-metropole-daix-marseille-provence-et-des-bouches-du-rhone--39589 5 rail services
fr_thonon-agglomeration-donnees-gtfs 1 rail services
fr_tisseo-reseau-transport-urbain-toulousain 3 rail services
fr_trains-express-regionaux-zou-en-provence-alpes-cote-d-azur 27 rail services
fr_yceo-arrets-horaires-et-lignes-urbaines-et-scolaires-gtfs-1 3 rail services
fr_zou 1 rail services
ge_georgian-railway 34 rail services
hk_Hong-Kong-Transit 21 rail services
hu_mav 2817 rail services
hu_szkt 7 rail services
it_Campania-EAV 16 rail services
it_Emilia-Romagna-TPER-BLQ-Airport 1 rail services
it_Lombardia-Trenord 60 rail services
it_Piemonte-Gruppo-Torinese-Trasporti 11 rail services
it_Sicilia-Palermo-AMAT 4 rail services
jp_tokyo-rail 127 rail services
lu_administration-des-transports-publics 6 rail services
ma_oncf 14 rail services
me_zpcg 30 rail services
my_ktmb 9 rail services
my_rail-kl 8 rail services
pl_--d-fc9cc9c3d302 26 rail services
pl_Bydgoszcz 10 rail services
pl_Cz-stochowa-c320cd902162 3 rail services
pl_Elbl-g-5a11725a6f4f 5 rail services
pl_Gda-sk-97391932cbf6 10 rail services
pl_Gorz-w-Wielkopolski-89b75a6bc4ec 4 rail services
pl_MPK-Wroc-aw-3f06d61a5a8c 25 rail services
pl_Olsztyn 5 rail services
pl_PKP-Intercity-Germany 4 rail services
pl_Szczecin 11 rail services
pl_Toru-d9480c71f395 7 rail services
pl_TransportGZM 29 rail services
pl_Warszawa 30 rail services
pl_Warszawska-Kolej-Dojazdowa 1 rail services
pt_Metro-Lisboa 4 rail services
pt_Metro-Porto 7 rail services
ro_Bucuresti-Ilfov 19 rail services
ro_Cluj-Napoca 4 rail services
ro_Ia-i-ac584bc45d3c 9 rail services
sk_Bratislava 4 rail services
ua_kyiv 17 rail services
ua_odesa 18 rail services
us-az_valleymetro 4 rail services
us-ny_MTA-NYCSubway 29 rail services
{"catalogue":2039,"counts":{"excluded":1220,"no_rail":635,"compiled":106,"failed":78},"countries":66,"mappedFeeds":86}
