2026-10-09T07:11:35.7037686Z Current runner version: '2.337.0'
2026-10-09T07:11:35.7080586Z ##[group]Runner Image Provisioner
2026-10-09T07:11:35.7082558Z Hosted Compute Agent
2026-10-09T07:11:35.7083187Z Version: 20261002.596
2026-10-09T07:11:35.7083917Z Commit: c3d12f3313a95f25162a1503be624f3b0617f8c0
2026-10-09T07:11:35.7084671Z Build Date: 2026-10-02T22:28:27Z
2026-10-09T07:11:35.7085488Z Worker ID: {7d09ac72-7d28-4610-b482-a3079222d312}
2026-10-09T07:11:35.7086244Z Region: westus2
2026-10-09T07:11:35.7086827Z Cloud: Azure
2026-10-09T07:11:35.7087431Z ##[endgroup]
2026-10-09T07:11:35.7088928Z ##[group]Operating System
2026-10-09T07:11:35.7089690Z Ubuntu
2026-10-09T07:11:35.7090249Z 24.04.5
2026-10-09T07:11:35.7091084Z LTS
2026-10-09T07:11:35.7091715Z ##[endgroup]
2026-10-09T07:11:35.7092312Z ##[group]Runner Image
2026-10-09T07:11:35.7092961Z Image: ubuntu-24.04
2026-10-09T07:11:35.7093612Z Version: 20261004.327.1
2026-10-09T07:11:35.7094965Z Included Software: https://github.com/actions/runner-images/blob/ubuntu24/20261004.327/images/ubuntu/Ubuntu2404-Readme.md
2026-10-09T07:11:35.7096603Z Image Release: https://github.com/actions/runner-images/releases/tag/ubuntu24%2F20261004.327
2026-10-09T07:11:35.7097602Z ##[endgroup]
2026-10-09T07:11:35.7099915Z ##[group]GITHUB_TOKEN Permissions
2026-10-09T07:11:35.7104199Z Contents: read
2026-10-09T07:11:35.7105136Z Metadata: read
2026-10-09T07:11:35.7106530Z ##[endgroup]
2026-10-09T07:11:35.7109721Z Secret source: Actions
2026-10-09T07:11:35.7111303Z Cache mode: write
2026-10-09T07:11:35.7112172Z Prepare workflow directory
2026-10-09T07:11:35.7704748Z Prepare all required actions
2026-10-09T07:11:35.7754252Z Getting action download info
2026-10-09T07:11:36.1288626Z Download action repository 'actions/checkout@v4' (SHA:11d5960a326750d5838078e36cf38b85af677262)
2026-10-09T07:11:36.2277155Z Download action repository 'actions/setup-node@v4' (SHA:49933ea5288caeca8642d1e84afbd3f7d6820020)
2026-10-09T07:11:36.3282974Z Download action repository 'actions/download-artifact@v4' (SHA:d3f86a106a0bac45b974a628896c90dbdf5c8093)
2026-10-09T07:11:36.5726394Z Download action repository 'actions/upload-artifact@v4' (SHA:ea165f8d65b6e75b540449e92b4886f43607fa02)
2026-10-09T07:11:36.7722372Z Complete job name: browser (platforms)
2026-10-09T07:11:36.8490225Z ##[group]Run actions/checkout@v4
2026-10-09T07:11:36.8491404Z with:
2026-10-09T07:11:36.8491891Z   repository: c933103/openrailwaystyle
2026-10-09T07:11:36.8495590Z   token: ***
2026-10-09T07:11:36.8496046Z   ssh-strict: true
2026-10-09T07:11:36.8496498Z   ssh-user: git
2026-10-09T07:11:36.8496969Z   persist-credentials: true
2026-10-09T07:11:36.8497461Z   clean: true
2026-10-09T07:11:36.8497909Z   sparse-checkout-cone-mode: true
2026-10-09T07:11:36.8498428Z   fetch-depth: 1
2026-10-09T07:11:36.8498864Z   fetch-tags: false
2026-10-09T07:11:36.8499305Z   show-progress: true
2026-10-09T07:11:36.8499751Z   lfs: false
2026-10-09T07:11:36.8500178Z   submodules: false
2026-10-09T07:11:36.8500632Z   set-safe-directory: true
2026-10-09T07:11:36.8501316Z   allow-unsafe-pr-checkout: false
2026-10-09T07:11:36.8502134Z env:
2026-10-09T07:11:36.8502566Z   GROUP: platforms
2026-10-09T07:11:36.8503085Z   CHECKS: check-platform-stations-browser.mjs
2026-10-09T07:11:36.8503672Z   PREPARE: 
2026-10-09T07:11:36.8504138Z ##[endgroup]
2026-10-09T07:11:36.9578503Z Syncing repository: c933103/openrailwaystyle
2026-10-09T07:11:36.9581861Z ##[group]Getting Git version info
2026-10-09T07:11:36.9583167Z Working directory is '/home/runner/work/openrailwaystyle/openrailwaystyle'
2026-10-09T07:11:36.9584430Z [command]/usr/bin/git version
2026-10-09T07:11:36.9669336Z git version 2.55.0
2026-10-09T07:11:36.9788787Z ##[endgroup]
2026-10-09T07:11:36.9798956Z Temporarily overriding HOME='/home/runner/work/_temp/f0b7683a-8b5e-4ce0-8e3f-111684f3c961' before making global git config changes
2026-10-09T07:11:36.9801766Z Adding repository directory to the temporary git global config as a safe directory
2026-10-09T07:11:36.9803851Z [command]/usr/bin/git config --global --add safe.directory /home/runner/work/openrailwaystyle/openrailwaystyle
2026-10-09T07:11:36.9807397Z Deleting the contents of '/home/runner/work/openrailwaystyle/openrailwaystyle'
2026-10-09T07:11:36.9809273Z ##[group]Initializing the repository
2026-10-09T07:11:36.9810526Z [command]/usr/bin/git init /home/runner/work/openrailwaystyle/openrailwaystyle
2026-10-09T07:11:36.9907233Z hint: Using 'master' as the name for the initial branch. This default branch name
2026-10-09T07:11:36.9909131Z hint: will change to "main" in Git 3.0. To configure the initial branch name
2026-10-09T07:11:36.9912887Z hint: to use in all of your new repositories, which will suppress this warning,
2026-10-09T07:11:36.9914416Z hint: call:
2026-10-09T07:11:36.9915434Z hint:
2026-10-09T07:11:36.9916595Z hint: 	git config --global init.defaultBranch <name>
2026-10-09T07:11:36.9917793Z hint:
2026-10-09T07:11:36.9918898Z hint: Names commonly chosen instead of 'master' are 'main', 'trunk' and
2026-10-09T07:11:36.9920657Z hint: 'development'. The just-created branch can be renamed via this command:
2026-10-09T07:11:36.9922310Z hint:
2026-10-09T07:11:36.9923067Z hint: 	git branch -m <name>
2026-10-09T07:11:36.9923904Z hint:
2026-10-09T07:11:36.9925137Z hint: Disable this message with "git config set advice.defaultBranchName false"
2026-10-09T07:11:36.9927189Z Initialized empty Git repository in /home/runner/work/openrailwaystyle/openrailwaystyle/.git/
2026-10-09T07:11:36.9932593Z [command]/usr/bin/git remote add origin https://github.com/c933103/openrailwaystyle
2026-10-09T07:11:36.9989558Z ##[endgroup]
2026-10-09T07:11:36.9990364Z ##[group]Disabling automatic garbage collection
2026-10-09T07:11:36.9995097Z [command]/usr/bin/git config --local gc.auto 0
2026-10-09T07:11:37.0041187Z ##[endgroup]
2026-10-09T07:11:37.0042471Z ##[group]Setting up auth
2026-10-09T07:11:37.0051812Z [command]/usr/bin/git config --local --name-only --get-regexp core\.sshCommand
2026-10-09T07:11:37.0092069Z [command]/usr/bin/git submodule foreach --recursive sh -c "git config --local --name-only --get-regexp 'core\.sshCommand' && git config --local --unset-all 'core.sshCommand' || :"
2026-10-09T07:11:37.0528732Z [command]/usr/bin/git config --local --name-only --get-regexp http\.https\:\/\/github\.com\/\.extraheader
2026-10-09T07:11:37.0573270Z [command]/usr/bin/git submodule foreach --recursive sh -c "git config --local --name-only --get-regexp 'http\.https\:\/\/github\.com\/\.extraheader' && git config --local --unset-all 'http.https://github.com/.extraheader' || :"
2026-10-09T07:11:37.0806064Z [command]/usr/bin/git config --local --name-only --get-regexp ^includeIf\.gitdir:
2026-10-09T07:11:37.0845104Z [command]/usr/bin/git submodule foreach --recursive git config --local --show-origin --name-only --get-regexp remote.origin.url
2026-10-09T07:11:37.1074609Z [command]/usr/bin/git config --local http.https://github.com/.extraheader AUTHORIZATION: basic ***
2026-10-09T07:11:37.1138602Z ##[endgroup]
2026-10-09T07:11:37.1148976Z ##[group]Fetching the repository
2026-10-09T07:11:37.1150667Z [command]/usr/bin/git -c protocol.version=2 fetch --no-tags --prune --no-recurse-submodules --depth=1 origin +97a9893db0b2ca1ed682e9e2be74b3927d793ac6:refs/remotes/pull/164/merge
2026-10-09T07:11:37.6949510Z From https://github.com/c933103/openrailwaystyle
2026-10-09T07:11:37.6952628Z  * [new ref]         97a9893db0b2ca1ed682e9e2be74b3927d793ac6 -> pull/164/merge
2026-10-09T07:11:37.6955603Z ##[endgroup]
2026-10-09T07:11:37.6957042Z ##[group]Determining the checkout info
2026-10-09T07:11:37.6958578Z ##[endgroup]
2026-10-09T07:11:37.6964391Z [command]/usr/bin/git sparse-checkout disable
2026-10-09T07:11:37.7028793Z [command]/usr/bin/git config --local --unset-all extensions.worktreeConfig
2026-10-09T07:11:37.7064074Z ##[group]Checking out the ref
2026-10-09T07:11:37.7067737Z [command]/usr/bin/git checkout --progress --force refs/remotes/pull/164/merge
2026-10-09T07:11:37.7624096Z Note: switching to 'refs/remotes/pull/164/merge'.
2026-10-09T07:11:37.7625600Z 
2026-10-09T07:11:37.7626779Z You are in 'detached HEAD' state. You can look around, make experimental
2026-10-09T07:11:37.7630342Z changes and commit them, and you can discard any commits you make in this
2026-10-09T07:11:37.7633821Z state without impacting any branches by switching back to a branch.
2026-10-09T07:11:37.7635591Z 
2026-10-09T07:11:37.7636794Z If you want to create a new branch to retain commits you create, you may
2026-10-09T07:11:37.7639974Z do so (now or later) by using -c with the switch command. Example:
2026-10-09T07:11:37.7642373Z 
2026-10-09T07:11:37.7643282Z   git switch -c <new-branch-name>
2026-10-09T07:11:37.7644719Z 
2026-10-09T07:11:37.7645600Z Or undo this operation with:
2026-10-09T07:11:37.7646978Z 
2026-10-09T07:11:37.7647744Z   git switch -
2026-10-09T07:11:37.7648866Z 
2026-10-09T07:11:37.7650399Z Turn off this advice by setting config variable advice.detachedHead to false
2026-10-09T07:11:37.7653402Z 
2026-10-09T07:11:37.7655543Z HEAD is now at 97a9893 Merge a313a22babd444ec93069234ca769f438b083ffc into 9ce43b0f93dadebdf3206429a6485691caf85d27
2026-10-09T07:11:37.7660427Z ##[endgroup]
2026-10-09T07:11:37.7705530Z [command]/usr/bin/git log -1 --format=%H
2026-10-09T07:11:37.7742759Z 97a9893db0b2ca1ed682e9e2be74b3927d793ac6
2026-10-09T07:11:37.8201019Z ##[group]Run actions/setup-node@v4
2026-10-09T07:11:37.8202395Z with:
2026-10-09T07:11:37.8203311Z   node-version: 22
2026-10-09T07:11:37.8204243Z   always-auth: false
2026-10-09T07:11:37.8205322Z   check-latest: false
2026-10-09T07:11:37.8217437Z   token: ***
2026-10-09T07:11:37.8218432Z env:
2026-10-09T07:11:37.8219368Z   GROUP: platforms
2026-10-09T07:11:37.8220515Z   CHECKS: check-platform-stations-browser.mjs
2026-10-09T07:11:37.8222049Z   PREPARE: 
2026-10-09T07:11:37.8223025Z ##[endgroup]
2026-10-09T07:11:37.9756697Z Found in cache @ /opt/hostedtoolcache/node/22.23.3/x64
2026-10-09T07:11:37.9762006Z (node:2318) [DEP0040] DeprecationWarning: The `punycode` module is deprecated. Please use a userland alternative instead.
2026-10-09T07:11:37.9766730Z (Use `node --trace-deprecation ...` to show where the warning was created)
2026-10-09T07:11:37.9771012Z ##[group]Environment details
2026-10-09T07:11:38.4272008Z node: v22.23.3
2026-10-09T07:11:38.4272781Z npm: 10.9.9
2026-10-09T07:11:38.4273240Z yarn: 1.22.22
2026-10-09T07:11:38.4274152Z ##[endgroup]
2026-10-09T07:11:38.4421909Z ##[group]Run npm ci --ignore-scripts --no-audit --no-fund
2026-10-09T07:11:38.4422807Z [36;1mnpm ci --ignore-scripts --no-audit --no-fund[0m
2026-10-09T07:11:38.4747760Z shell: /usr/bin/bash -e {0}
2026-10-09T07:11:38.4748488Z env:
2026-10-09T07:11:38.4749052Z   GROUP: platforms
2026-10-09T07:11:38.4749709Z   CHECKS: check-platform-stations-browser.mjs
2026-10-09T07:11:38.4750439Z   PREPARE: 
2026-10-09T07:11:38.4751208Z ##[endgroup]
2026-10-09T07:11:40.6247396Z npm warn deprecated whatwg-encoding@3.1.1: Use @exodus/bytes instead for a more spec-conformant and faster implementation
2026-10-09T07:11:40.9439080Z npm warn deprecated text-encoding@0.6.4: no longer maintained
2026-10-09T07:11:42.4029487Z 
2026-10-09T07:11:42.4030901Z added 102 packages in 4s
2026-10-09T07:11:42.4580127Z ##[group]Run actions/download-artifact@v4
2026-10-09T07:11:42.4580518Z with:
2026-10-09T07:11:42.4581103Z   name: railway-world-site
2026-10-09T07:11:42.4581411Z   path: styles
2026-10-09T07:11:42.4581669Z   merge-multiple: false
2026-10-09T07:11:42.4581958Z   repository: c933103/openrailwaystyle
2026-10-09T07:11:42.4582270Z   run-id: 37897297312
2026-10-09T07:11:42.4582531Z env:
2026-10-09T07:11:42.4582776Z   GROUP: platforms
2026-10-09T07:11:42.4583069Z   CHECKS: check-platform-stations-browser.mjs
2026-10-09T07:11:42.4583432Z   PREPARE: 
2026-10-09T07:11:42.4583683Z ##[endgroup]
2026-10-09T07:11:42.6202379Z Downloading single artifact
2026-10-09T07:11:42.6364335Z (node:2364) [DEP0040] DeprecationWarning: The `punycode` module is deprecated. Please use a userland alternative instead.
2026-10-09T07:11:42.6365998Z (Use `node --trace-deprecation ...` to show where the warning was created)
2026-10-09T07:11:42.9040028Z Preparing to download the following artifacts:
2026-10-09T07:11:42.9042914Z - railway-world-site (ID: 11601505475, Size: 394726575, Expected Digest: sha256:ccc4af3c60da97a84c63e8c7acb56f58dc9728003bdd6701c3ee1a59486c7160)
2026-10-09T07:11:43.1729607Z Redirecting to blob download url: https://productionresultssa13.blob.core.windows.net/actions-results/ad7521f3-8d97-803d-9ba5-8ef212f957d5/workflow-job-run-d51b8971-7346-52dd-8cc0-acce72137c23/artifacts/3b14750bb481a9fb3d9b70d7d79ecb4dd8f5fa89499549f5eeb9b2fa6e9b78a9.zip
2026-10-09T07:11:43.1733033Z Starting download of artifact to: /home/runner/work/openrailwaystyle/openrailwaystyle/styles
2026-10-09T07:11:43.5072553Z (node:2364) [DEP0005] DeprecationWarning: Buffer() is deprecated due to security and usability issues. Please use the Buffer.alloc(), Buffer.allocUnsafe(), or Buffer.from() methods instead.
2026-10-09T07:12:21.2750107Z SHA256 digest of downloaded artifact is ccc4af3c60da97a84c63e8c7acb56f58dc9728003bdd6701c3ee1a59486c7160
2026-10-09T07:12:21.2751491Z Artifact download completed successfully.
2026-10-09T07:12:21.2752314Z Total of 1 artifact(s) downloaded
2026-10-09T07:12:21.2759701Z Download artifact has finished successfully
2026-10-09T07:12:21.3193687Z ##[group]Run npx playwright install --with-deps chromium
2026-10-09T07:12:21.3194166Z [36;1mnpx playwright install --with-deps chromium[0m
2026-10-09T07:12:21.3259715Z shell: /usr/bin/bash -e {0}
2026-10-09T07:12:21.3260013Z env:
2026-10-09T07:12:21.3260216Z   GROUP: platforms
2026-10-09T07:12:21.3260485Z   CHECKS: check-platform-stations-browser.mjs
2026-10-09T07:12:21.3260949Z   PREPARE: 
2026-10-09T07:12:21.3261152Z ##[endgroup]
2026-10-09T07:12:22.2100568Z Installing dependencies...
2026-10-09T07:12:22.2171655Z Switching to root user to install dependencies...
2026-10-09T07:12:22.2933599Z Get:1 file:/etc/apt/apt-mirrors.txt Mirrorlist [144 B]
2026-10-09T07:12:22.3295162Z Hit:2 http://azure.archive.ubuntu.com/ubuntu noble InRelease
2026-10-09T07:12:22.3310305Z Get:6 https://packages.microsoft.com/ubuntu/24.04/prod noble InRelease [3600 B]
2026-10-09T07:12:22.3341980Z Get:3 http://azure.archive.ubuntu.com/ubuntu noble-updates InRelease [126 kB]
2026-10-09T07:12:22.3392310Z Get:4 http://azure.archive.ubuntu.com/ubuntu noble-backports InRelease [126 kB]
2026-10-09T07:12:22.3444631Z Get:5 http://azure.archive.ubuntu.com/ubuntu noble-security InRelease [126 kB]
2026-10-09T07:12:22.4589782Z Get:7 https://packages.microsoft.com/ubuntu/24.04/prod noble/main all Packages [640 B]
2026-10-09T07:12:22.4730129Z Get:8 https://packages.microsoft.com/ubuntu/24.04/prod noble/main armhf Packages [12.3 kB]
2026-10-09T07:12:22.4758726Z Get:9 https://packages.microsoft.com/ubuntu/24.04/prod noble/main amd64 Packages [531 kB]
2026-10-09T07:12:22.4862416Z Get:10 https://packages.microsoft.com/ubuntu/24.04/prod noble/main arm64 Packages [475 kB]
2026-10-09T07:12:22.5120020Z Get:11 http://azure.archive.ubuntu.com/ubuntu noble-updates/main amd64 Packages [1375 kB]
2026-10-09T07:12:22.5252988Z Get:12 http://azure.archive.ubuntu.com/ubuntu noble-updates/main Translation-en [306 kB]
2026-10-09T07:12:22.5272467Z Get:13 http://azure.archive.ubuntu.com/ubuntu noble-updates/universe amd64 Packages [1702 kB]
2026-10-09T07:12:22.5379440Z Get:14 http://azure.archive.ubuntu.com/ubuntu noble-updates/universe Translation-en [342 kB]
2026-10-09T07:12:22.5409188Z Get:15 http://azure.archive.ubuntu.com/ubuntu noble-updates/restricted amd64 Packages [1761 kB]
2026-10-09T07:12:22.5528542Z Get:16 http://azure.archive.ubuntu.com/ubuntu noble-updates/restricted Translation-en [401 kB]
2026-10-09T07:12:22.5552951Z Get:17 http://azure.archive.ubuntu.com/ubuntu noble-updates/multiverse amd64 Packages [55.0 kB]
2026-10-09T07:12:22.5567145Z Get:18 http://azure.archive.ubuntu.com/ubuntu noble-updates/multiverse Translation-en [14.3 kB]
2026-10-09T07:12:22.6359183Z Get:19 http://azure.archive.ubuntu.com/ubuntu noble-security/main amd64 Packages [1118 kB]
2026-10-09T07:12:22.6425801Z Get:20 http://azure.archive.ubuntu.com/ubuntu noble-security/main Translation-en [228 kB]
2026-10-09T07:12:22.6869118Z Get:21 http://azure.archive.ubuntu.com/ubuntu noble-security/universe amd64 Packages [1220 kB]
2026-10-09T07:12:22.6936383Z Get:22 http://azure.archive.ubuntu.com/ubuntu noble-security/universe Translation-en [245 kB]
2026-10-09T07:12:22.6960184Z Get:23 http://azure.archive.ubuntu.com/ubuntu noble-security/restricted amd64 Packages [1667 kB]
2026-10-09T07:12:22.7055632Z Get:24 http://azure.archive.ubuntu.com/ubuntu noble-security/restricted Translation-en [383 kB]
2026-10-09T07:12:22.7084261Z Get:25 http://azure.archive.ubuntu.com/ubuntu noble-security/multiverse amd64 Packages [49.8 kB]
2026-10-09T07:12:22.7099147Z Get:26 http://azure.archive.ubuntu.com/ubuntu noble-security/multiverse Translation-en [12.4 kB]
2026-10-09T07:12:25.6174543Z Fetched 12.3 MB in 1s (9757 kB/s)
2026-10-09T07:12:26.4856207Z Reading package lists...
2026-10-09T07:12:26.5093739Z Reading package lists...
2026-10-09T07:12:26.6964354Z Building dependency tree...
2026-10-09T07:12:26.6972391Z Reading state information...
2026-10-09T07:12:26.8556215Z libasound2t64 is already the newest version (1.2.11-1ubuntu0.3).
2026-10-09T07:12:26.8557857Z libasound2t64 set to manually installed.
2026-10-09T07:12:26.8558851Z libatk-bridge2.0-0t64 is already the newest version (2.52.0-1build1).
2026-10-09T07:12:26.8559690Z libatk-bridge2.0-0t64 set to manually installed.
2026-10-09T07:12:26.8560481Z libatk1.0-0t64 is already the newest version (2.52.0-1build1).
2026-10-09T07:12:26.8561433Z libatk1.0-0t64 set to manually installed.
2026-10-09T07:12:26.8561987Z libatspi2.0-0t64 is already the newest version (2.52.0-1build1).
2026-10-09T07:12:26.8562445Z libatspi2.0-0t64 set to manually installed.
2026-10-09T07:12:26.8562874Z libcairo2 is already the newest version (1.18.0-3build1).
2026-10-09T07:12:26.8563268Z libcairo2 set to manually installed.
2026-10-09T07:12:26.8563713Z libcups2t64 is already the newest version (2.4.7-1.2ubuntu7.14).
2026-10-09T07:12:26.8564146Z libcups2t64 set to manually installed.
2026-10-09T07:12:26.8564824Z libdbus-1-3 is already the newest version (1.14.10-4ubuntu4.1).
2026-10-09T07:12:26.8565290Z libdbus-1-3 set to manually installed.
2026-10-09T07:12:26.8565749Z libdrm2 is already the newest version (2.4.125-1ubuntu0.1~24.04.2).
2026-10-09T07:12:26.8566184Z libdrm2 set to manually installed.
2026-10-09T07:12:26.8566675Z libgbm1 is already the newest version (25.2.8-0ubuntu0.24.04.4).
2026-10-09T07:12:26.8567093Z libgbm1 set to manually installed.
2026-10-09T07:12:26.8567512Z libglib2.0-0t64 is already the newest version (2.80.0-6ubuntu3.9).
2026-10-09T07:12:26.8567942Z libglib2.0-0t64 set to manually installed.
2026-10-09T07:12:26.8568583Z libnspr4 is already the newest version (2:4.35-1.1build1).
2026-10-09T07:12:26.8569002Z libnspr4 set to manually installed.
2026-10-09T07:12:26.8569406Z libnss3 is already the newest version (2:3.98-1ubuntu0.2).
2026-10-09T07:12:26.8569798Z libnss3 set to manually installed.
2026-10-09T07:12:26.8570234Z libpango-1.0-0 is already the newest version (1.52.1+ds-1build1).
2026-10-09T07:12:26.8570662Z libpango-1.0-0 set to manually installed.
2026-10-09T07:12:26.8571519Z libx11-6 is already the newest version (2:1.8.7-1build1).
2026-10-09T07:12:26.8571918Z libx11-6 set to manually installed.
2026-10-09T07:12:26.8572578Z libxcb1 is already the newest version (1.15-1ubuntu2).
2026-10-09T07:12:26.8573222Z libxcb1 set to manually installed.
2026-10-09T07:12:26.8574011Z libxcomposite1 is already the newest version (1:0.4.5-1build3).
2026-10-09T07:12:26.8574787Z libxcomposite1 set to manually installed.
2026-10-09T07:12:26.8575411Z libxdamage1 is already the newest version (1:1.1.6-1build1).
2026-10-09T07:12:26.8575844Z libxdamage1 set to manually installed.
2026-10-09T07:12:26.8576274Z libxext6 is already the newest version (2:1.3.4-1build2).
2026-10-09T07:12:26.8576692Z libxext6 set to manually installed.
2026-10-09T07:12:26.8577146Z libxfixes3 is already the newest version (1:6.0.0-2build1).
2026-10-09T07:12:26.8577538Z libxfixes3 set to manually installed.
2026-10-09T07:12:26.8577948Z libxkbcommon0 is already the newest version (1.6.0-1build1).
2026-10-09T07:12:26.8578554Z libxkbcommon0 set to manually installed.
2026-10-09T07:12:26.8579356Z libxrandr2 is already the newest version (2:1.5.2-2build1).
2026-10-09T07:12:26.8580117Z libxrandr2 set to manually installed.
2026-10-09T07:12:26.8581084Z xvfb is already the newest version (2:21.1.12-1ubuntu1.8).
2026-10-09T07:12:26.8581670Z fonts-noto-color-emoji is already the newest version (2.047-0ubuntu0.24.04.1).
2026-10-09T07:12:26.8582258Z libfontconfig1 is already the newest version (2.15.0-1.1ubuntu2).
2026-10-09T07:12:26.8582697Z libfontconfig1 set to manually installed.
2026-10-09T07:12:26.8583122Z fonts-liberation is already the newest version (1:2.1.5-3).
2026-10-09T07:12:26.8583582Z fonts-liberation set to manually installed.
2026-10-09T07:12:26.8584345Z The following additional packages will be installed:
2026-10-09T07:12:26.8585035Z   xfonts-encodings xfonts-utils
2026-10-09T07:12:26.8585561Z Recommended packages:
2026-10-09T07:12:26.8586083Z   fonts-ipafont-mincho fonts-tlwg-loma
2026-10-09T07:12:26.8774837Z The following NEW packages will be installed:
2026-10-09T07:12:26.8776319Z   fonts-freefont-ttf fonts-ipafont-gothic fonts-tlwg-loma-otf fonts-unifont
2026-10-09T07:12:26.8781494Z   fonts-wqy-zenhei xfonts-cyrillic xfonts-encodings xfonts-scalable
2026-10-09T07:12:26.8782193Z   xfonts-utils
2026-10-09T07:12:26.8785995Z The following packages will be upgraded:
2026-10-09T07:12:26.8790241Z   libfreetype6
2026-10-09T07:12:26.8953862Z 1 upgraded, 9 newly installed, 0 to remove and 22 not upgraded.
2026-10-09T07:12:26.8954490Z Need to get 21.5 MB of archives.
2026-10-09T07:12:26.8955297Z After this operation, 79.5 MB of additional disk space will be used.
2026-10-09T07:12:26.8956188Z Get:1 file:/etc/apt/apt-mirrors.txt Mirrorlist [144 B]
2026-10-09T07:12:27.0673702Z Get:2 http://azure.archive.ubuntu.com/ubuntu noble/universe amd64 fonts-ipafont-gothic all 00303-21ubuntu1 [3513 kB]
2026-10-09T07:12:27.3798735Z Get:3 http://azure.archive.ubuntu.com/ubuntu noble/main amd64 fonts-freefont-ttf all 20211204+svn4273-2 [5641 kB]
2026-10-09T07:12:27.7285766Z Get:4 http://azure.archive.ubuntu.com/ubuntu noble/universe amd64 fonts-tlwg-loma-otf all 1:0.7.3-1 [107 kB]
2026-10-09T07:12:27.8867219Z Get:5 http://azure.archive.ubuntu.com/ubuntu noble/universe amd64 fonts-unifont all 1:15.1.01-1build1 [2993 kB]
2026-10-09T07:12:28.1838216Z Get:6 http://azure.archive.ubuntu.com/ubuntu noble/universe amd64 fonts-wqy-zenhei all 0.9.45-8 [7472 kB]
2026-10-09T07:12:28.7026797Z Get:7 http://azure.archive.ubuntu.com/ubuntu noble-updates/main amd64 libfreetype6 amd64 2.13.2+dfsg-1ubuntu0.2 [403 kB]
2026-10-09T07:12:28.8750581Z Get:8 http://azure.archive.ubuntu.com/ubuntu noble/main amd64 xfonts-encodings all 1:1.0.5-0ubuntu2 [578 kB]
2026-10-09T07:12:29.0563270Z Get:9 http://azure.archive.ubuntu.com/ubuntu noble/main amd64 xfonts-utils amd64 1:7.7+6build3 [94.4 kB]
2026-10-09T07:12:29.2138995Z Get:10 http://azure.archive.ubuntu.com/ubuntu noble/universe amd64 xfonts-cyrillic all 1:1.0.5+nmu1 [384 kB]
2026-10-09T07:12:29.3888154Z Get:11 http://azure.archive.ubuntu.com/ubuntu noble/main amd64 xfonts-scalable all 1:1.0.3-1.3 [304 kB]
2026-10-09T07:12:29.6558024Z Fetched 21.5 MB in 3s (8536 kB/s)
2026-10-09T07:12:29.6800981Z Selecting previously unselected package fonts-ipafont-gothic.
2026-10-09T07:12:29.7127195Z (Reading database ... 
2026-10-09T07:12:29.7127784Z (Reading database ... 5%
2026-10-09T07:12:29.7128367Z (Reading database ... 10%
2026-10-09T07:12:29.7128843Z (Reading database ... 15%
2026-10-09T07:12:29.7129199Z (Reading database ... 20%
2026-10-09T07:12:29.7129542Z (Reading database ... 25%
2026-10-09T07:12:29.7129884Z (Reading database ... 30%
2026-10-09T07:12:29.7131383Z (Reading database ... 35%
2026-10-09T07:12:29.7131836Z (Reading database ... 40%
2026-10-09T07:12:29.7132245Z (Reading database ... 45%
2026-10-09T07:12:29.7132562Z (Reading database ... 50%
2026-10-09T07:12:29.7191438Z (Reading database ... 55%
2026-10-09T07:12:29.8383309Z (Reading database ... 60%
2026-10-09T07:12:30.0815511Z (Reading database ... 65%
2026-10-09T07:12:30.2701958Z (Reading database ... 70%
2026-10-09T07:12:30.4351171Z (Reading database ... 75%
2026-10-09T07:12:30.5846730Z (Reading database ... 80%
2026-10-09T07:12:30.8237339Z (Reading database ... 85%
2026-10-09T07:12:31.0341941Z (Reading database ... 90%
2026-10-09T07:12:31.1842646Z (Reading database ... 95%
2026-10-09T07:12:31.1843328Z (Reading database ... 100%
2026-10-09T07:12:31.1844003Z (Reading database ... 203191 files and directories currently installed.)
2026-10-09T07:12:31.1886744Z Preparing to unpack .../0-fonts-ipafont-gothic_00303-21ubuntu1_all.deb ...
2026-10-09T07:12:31.1983077Z Unpacking fonts-ipafont-gothic (00303-21ubuntu1) ...
2026-10-09T07:12:31.4259672Z Selecting previously unselected package fonts-freefont-ttf.
2026-10-09T07:12:31.4383902Z Preparing to unpack .../1-fonts-freefont-ttf_20211204+svn4273-2_all.deb ...
2026-10-09T07:12:31.4390836Z Unpacking fonts-freefont-ttf (20211204+svn4273-2) ...
2026-10-09T07:12:31.5193431Z Selecting previously unselected package fonts-tlwg-loma-otf.
2026-10-09T07:12:31.5319627Z Preparing to unpack .../2-fonts-tlwg-loma-otf_1%3a0.7.3-1_all.deb ...
2026-10-09T07:12:31.5327331Z Unpacking fonts-tlwg-loma-otf (1:0.7.3-1) ...
2026-10-09T07:12:31.5531263Z Selecting previously unselected package fonts-unifont.
2026-10-09T07:12:31.5655960Z Preparing to unpack .../3-fonts-unifont_1%3a15.1.01-1build1_all.deb ...
2026-10-09T07:12:31.5664643Z Unpacking fonts-unifont (1:15.1.01-1build1) ...
2026-10-09T07:12:31.6716231Z Selecting previously unselected package fonts-wqy-zenhei.
2026-10-09T07:12:31.6839660Z Preparing to unpack .../4-fonts-wqy-zenhei_0.9.45-8_all.deb ...
2026-10-09T07:12:31.6942193Z Unpacking fonts-wqy-zenhei (0.9.45-8) ...
2026-10-09T07:12:32.1748396Z Preparing to unpack .../5-libfreetype6_2.13.2+dfsg-1ubuntu0.2_amd64.deb ...
2026-10-09T07:12:32.1782212Z Unpacking libfreetype6:amd64 (2.13.2+dfsg-1ubuntu0.2) over (2.13.2+dfsg-1ubuntu0.1) ...
2026-10-09T07:12:32.2082844Z Selecting previously unselected package xfonts-encodings.
2026-10-09T07:12:32.2208445Z Preparing to unpack .../6-xfonts-encodings_1%3a1.0.5-0ubuntu2_all.deb ...
2026-10-09T07:12:32.2216217Z Unpacking xfonts-encodings (1:1.0.5-0ubuntu2) ...
2026-10-09T07:12:32.2498664Z Selecting previously unselected package xfonts-utils.
2026-10-09T07:12:32.2622486Z Preparing to unpack .../7-xfonts-utils_1%3a7.7+6build3_amd64.deb ...
2026-10-09T07:12:32.2629633Z Unpacking xfonts-utils (1:7.7+6build3) ...
2026-10-09T07:12:32.3003183Z Selecting previously unselected package xfonts-cyrillic.
2026-10-09T07:12:32.3126884Z Preparing to unpack .../8-xfonts-cyrillic_1%3a1.0.5+nmu1_all.deb ...
2026-10-09T07:12:32.3134204Z Unpacking xfonts-cyrillic (1:1.0.5+nmu1) ...
2026-10-09T07:12:32.3480135Z Selecting previously unselected package xfonts-scalable.
2026-10-09T07:12:32.3601941Z Preparing to unpack .../9-xfonts-scalable_1%3a1.0.3-1.3_all.deb ...
2026-10-09T07:12:32.3610574Z Unpacking xfonts-scalable (1:1.0.3-1.3) ...
2026-10-09T07:12:32.4033829Z Setting up fonts-wqy-zenhei (0.9.45-8) ...
2026-10-09T07:12:32.4179641Z Setting up fonts-freefont-ttf (20211204+svn4273-2) ...
2026-10-09T07:12:32.4200370Z Setting up fonts-tlwg-loma-otf (1:0.7.3-1) ...
2026-10-09T07:12:32.4220037Z Setting up libfreetype6:amd64 (2.13.2+dfsg-1ubuntu0.2) ...
2026-10-09T07:12:32.4240572Z Setting up xfonts-encodings (1:1.0.5-0ubuntu2) ...
2026-10-09T07:12:32.4258336Z Setting up fonts-ipafont-gothic (00303-21ubuntu1) ...
2026-10-09T07:12:32.4323094Z update-alternatives: using /usr/share/fonts/opentype/ipafont-gothic/ipag.ttf to provide /usr/share/fonts/truetype/fonts-japanese-gothic.ttf (fonts-japanese-gothic.ttf) in auto mode
2026-10-09T07:12:32.4340369Z Setting up fonts-unifont (1:15.1.01-1build1) ...
2026-10-09T07:12:32.4359674Z Setting up xfonts-utils (1:7.7+6build3) ...
2026-10-09T07:12:32.4398519Z Setting up xfonts-cyrillic (1:1.0.5+nmu1) ...
2026-10-09T07:12:32.4677329Z Setting up xfonts-scalable (1:1.0.3-1.3) ...
2026-10-09T07:12:32.5555890Z Processing triggers for libc-bin (2.39-0ubuntu8.9) ...
2026-10-09T07:12:32.5918996Z Processing triggers for man-db (2.12.0-4build2) ...
2026-10-09T07:12:32.5942404Z Not building database; man-db/auto-update is not 'true'.
2026-10-09T07:12:32.5953949Z Processing triggers for fontconfig (2.15.0-1.1ubuntu2) ...
2026-10-09T07:12:33.3489258Z 
2026-10-09T07:12:33.3489875Z Running kernel seems to be up-to-date.
2026-10-09T07:12:33.3490334Z 
2026-10-09T07:12:33.3490581Z Restarting services...
2026-10-09T07:12:33.3567731Z  systemctl restart php8.3-fpm.service
2026-10-09T07:12:33.4617287Z 
2026-10-09T07:12:33.4621298Z No containers need to be restarted.
2026-10-09T07:12:33.4621593Z 
2026-10-09T07:12:33.4621808Z No user sessions are running outdated binaries.
2026-10-09T07:12:33.4622046Z 
2026-10-09T07:12:33.4622363Z No VM guests are running outdated hypervisor (qemu) binaries on this host.
2026-10-09T07:12:34.3429131Z Downloading Chromium 141.0.7390.37 (playwright build v1194) from https://cdn.playwright.dev/dbazure/download/playwright/builds/chromium/1194/chromium-linux.zip
2026-10-09T07:12:34.4894279Z |                                                                                |   0% of 173.9 MiB
2026-10-09T07:12:34.6342909Z |■■■■■■■■                                                                        |  10% of 173.9 MiB
2026-10-09T07:12:34.7259598Z |■■■■■■■■■■■■■■■■                                                                |  20% of 173.9 MiB
2026-10-09T07:12:34.8163467Z |■■■■■■■■■■■■■■■■■■■■■■■■                                                        |  30% of 173.9 MiB
2026-10-09T07:12:34.8894863Z |■■■■■■■■■■■■■■■■■■■■■■■■■■■■■■■■                                                |  40% of 173.9 MiB
2026-10-09T07:12:34.9623134Z |■■■■■■■■■■■■■■■■■■■■■■■■■■■■■■■■■■■■■■■■                                        |  50% of 173.9 MiB
2026-10-09T07:12:35.0315771Z |■■■■■■■■■■■■■■■■■■■■■■■■■■■■■■■■■■■■■■■■■■■■■■■■                                |  60% of 173.9 MiB
2026-10-09T07:12:35.0939767Z |■■■■■■■■■■■■■■■■■■■■■■■■■■■■■■■■■■■■■■■■■■■■■■■■■■■■■■■■                        |  70% of 173.9 MiB
2026-10-09T07:12:35.1690628Z |■■■■■■■■■■■■■■■■■■■■■■■■■■■■■■■■■■■■■■■■■■■■■■■■■■■■■■■■■■■■■■■■                |  80% of 173.9 MiB
2026-10-09T07:12:35.2307279Z |■■■■■■■■■■■■■■■■■■■■■■■■■■■■■■■■■■■■■■■■■■■■■■■■■■■■■■■■■■■■■■■■■■■■■■■■        |  90% of 173.9 MiB
2026-10-09T07:12:35.2971012Z |■■■■■■■■■■■■■■■■■■■■■■■■■■■■■■■■■■■■■■■■■■■■■■■■■■■■■■■■■■■■■■■■■■■■■■■■■■■■■■■■| 100% of 173.9 MiB
2026-10-09T07:12:38.9306747Z Chromium 141.0.7390.37 (playwright build v1194) downloaded to /home/runner/.cache/ms-playwright/chromium-1194
2026-10-09T07:12:38.9310062Z Downloading FFMPEG playwright build v1011 from https://cdn.playwright.dev/dbazure/download/playwright/builds/ffmpeg/1011/ffmpeg-linux.zip
2026-10-09T07:12:39.1504367Z |                                                                                |   0% of 2.3 MiB
2026-10-09T07:12:39.2017721Z |■■■■■■■■                                                                        |  10% of 2.3 MiB
2026-10-09T07:12:39.2398725Z |■■■■■■■■■■■■■■■■                                                                |  20% of 2.3 MiB
2026-10-09T07:12:39.2537436Z |■■■■■■■■■■■■■■■■■■■■■■■■                                                        |  30% of 2.3 MiB
2026-10-09T07:12:39.2702348Z |■■■■■■■■■■■■■■■■■■■■■■■■■■■■■■■■                                                |  40% of 2.3 MiB
2026-10-09T07:12:39.2876558Z |■■■■■■■■■■■■■■■■■■■■■■■■■■■■■■■■■■■■■■■■                                        |  50% of 2.3 MiB
2026-10-09T07:12:39.2942476Z |■■■■■■■■■■■■■■■■■■■■■■■■■■■■■■■■■■■■■■■■■■■■■■■■                                |  60% of 2.3 MiB
2026-10-09T07:12:39.3077715Z |■■■■■■■■■■■■■■■■■■■■■■■■■■■■■■■■■■■■■■■■■■■■■■■■■■■■■■■■                        |  70% of 2.3 MiB
2026-10-09T07:12:39.3122497Z |■■■■■■■■■■■■■■■■■■■■■■■■■■■■■■■■■■■■■■■■■■■■■■■■■■■■■■■■■■■■■■■■                |  80% of 2.3 MiB
2026-10-09T07:12:39.3187397Z |■■■■■■■■■■■■■■■■■■■■■■■■■■■■■■■■■■■■■■■■■■■■■■■■■■■■■■■■■■■■■■■■■■■■■■■■        |  90% of 2.3 MiB
2026-10-09T07:12:39.3309590Z |■■■■■■■■■■■■■■■■■■■■■■■■■■■■■■■■■■■■■■■■■■■■■■■■■■■■■■■■■■■■■■■■■■■■■■■■■■■■■■■■| 100% of 2.3 MiB
2026-10-09T07:12:39.3897922Z FFMPEG playwright build v1011 downloaded to /home/runner/.cache/ms-playwright/ffmpeg-1011
2026-10-09T07:12:39.3901801Z Downloading Chromium Headless Shell 141.0.7390.37 (playwright build v1194) from https://cdn.playwright.dev/dbazure/download/playwright/builds/chromium/1194/chromium-headless-shell-linux.zip
2026-10-09T07:12:39.6136839Z |                                                                                |   0% of 104.3 MiB
2026-10-09T07:12:39.8943310Z |■■■■■■■■                                                                        |  10% of 104.3 MiB
2026-10-09T07:12:39.9716185Z |■■■■■■■■■■■■■■■■                                                                |  20% of 104.3 MiB
2026-10-09T07:12:40.0506920Z |■■■■■■■■■■■■■■■■■■■■■■■■                                                        |  30% of 104.3 MiB
2026-10-09T07:12:40.1296239Z |■■■■■■■■■■■■■■■■■■■■■■■■■■■■■■■■                                                |  40% of 104.3 MiB
2026-10-09T07:12:40.1963924Z |■■■■■■■■■■■■■■■■■■■■■■■■■■■■■■■■■■■■■■■■                                        |  50% of 104.3 MiB
2026-10-09T07:12:40.2888488Z |■■■■■■■■■■■■■■■■■■■■■■■■■■■■■■■■■■■■■■■■■■■■■■■■                                |  60% of 104.3 MiB
2026-10-09T07:12:40.3647071Z |■■■■■■■■■■■■■■■■■■■■■■■■■■■■■■■■■■■■■■■■■■■■■■■■■■■■■■■■                        |  70% of 104.3 MiB
2026-10-09T07:12:40.4677001Z |■■■■■■■■■■■■■■■■■■■■■■■■■■■■■■■■■■■■■■■■■■■■■■■■■■■■■■■■■■■■■■■■                |  80% of 104.3 MiB
2026-10-09T07:12:40.5682502Z |■■■■■■■■■■■■■■■■■■■■■■■■■■■■■■■■■■■■■■■■■■■■■■■■■■■■■■■■■■■■■■■■■■■■■■■■        |  90% of 104.3 MiB
2026-10-09T07:12:40.6907342Z |■■■■■■■■■■■■■■■■■■■■■■■■■■■■■■■■■■■■■■■■■■■■■■■■■■■■■■■■■■■■■■■■■■■■■■■■■■■■■■■■| 100% of 104.3 MiB
2026-10-09T07:12:42.6641484Z Chromium Headless Shell 141.0.7390.37 (playwright build v1194) downloaded to /home/runner/.cache/ms-playwright/chromium_headless_shell-1194
2026-10-09T07:12:42.7603692Z ##[group]Run node scripts/serve.mjs &
2026-10-09T07:12:42.7604204Z [36;1mnode scripts/serve.mjs &[0m
2026-10-09T07:12:42.7668151Z shell: /usr/bin/bash -e {0}
2026-10-09T07:12:42.7668421Z env:
2026-10-09T07:12:42.7668628Z   GROUP: platforms
2026-10-09T07:12:42.7668901Z   CHECKS: check-platform-stations-browser.mjs
2026-10-09T07:12:42.7669223Z   PREPARE: 
2026-10-09T07:12:42.7669421Z ##[endgroup]
2026-10-09T07:12:42.8588893Z Preview http://127.0.0.1:4173
2026-10-09T07:12:47.7823513Z ##[group]Run node scripts/run-browser-checks.mjs --concurrency 1 --label "$GROUP" $CHECKS
2026-10-09T07:12:47.7824185Z [36;1mnode scripts/run-browser-checks.mjs --concurrency 1 --label "$GROUP" $CHECKS[0m
2026-10-09T07:12:47.7887756Z shell: /usr/bin/bash -e {0}
2026-10-09T07:12:47.7888008Z env:
2026-10-09T07:12:47.7888202Z   GROUP: platforms
2026-10-09T07:12:47.7888467Z   CHECKS: check-platform-stations-browser.mjs
2026-10-09T07:12:47.7888776Z   PREPARE: 
2026-10-09T07:12:47.7888967Z ##[endgroup]
2026-10-09T07:14:04.2308590Z [platform-stations] PASS: desktop busan, complete area lengths, recorded numbers and visible end labels at zoom 22
2026-10-09T07:14:43.7963245Z [platform-stations] PASS: desktop shin-osaka, complete area lengths, recorded numbers and visible end labels at zoom 22
2026-10-09T07:15:51.9984446Z [platform-stations] PASS: desktop washington, complete area lengths, recorded numbers and visible end labels at zoom 22
2026-10-09T07:15:58.4501713Z [platform-stations] PASS: desktop both packaged CJK fonts load without blocking startup
2026-10-09T07:16:33.4432598Z [platform-stations] PASS: mobile busan, complete area lengths, recorded numbers and visible end labels at zoom 22
2026-10-09T07:17:10.9027829Z [platform-stations] PASS: mobile shin-osaka, complete area lengths, recorded numbers and visible end labels at zoom 22
2026-10-09T07:18:09.6531815Z [platform-stations] PASS: mobile washington, complete area lengths, recorded numbers and visible end labels at zoom 22
2026-10-09T07:18:44.5717443Z [platform-stations] node:internal/modules/run_main:123
2026-10-09T07:18:44.5719372Z [platform-stations]     triggerUncaughtException(
2026-10-09T07:18:44.5720149Z [platform-stations]     ^
2026-10-09T07:18:44.5720986Z [platform-stations] 
2026-10-09T07:18:44.5721807Z [platform-stations] page.waitForFunction: Timeout 30000ms exceeded.
2026-10-09T07:18:44.5723010Z [platform-stations]     at /home/runner/work/openrailwaystyle/openrailwaystyle/scripts/check-platform-stations-browser.mjs:105:13 {
2026-10-09T07:18:44.5723969Z [platform-stations]   name: 'TimeoutError'
2026-10-09T07:18:44.5724519Z [platform-stations] }
2026-10-09T07:18:44.5725025Z [platform-stations] 
2026-10-09T07:18:44.5725589Z [platform-stations] Node.js v22.23.3
2026-10-09T07:18:44.5882872Z FAIL check-platform-stations-browser.mjs in 354.6 s
2026-10-09T07:18:44.6399502Z 
2026-10-09T07:18:44.6400029Z Browser checks:
2026-10-09T07:18:44.6401144Z   FAIL    354.6 s  check-platform-stations-browser.mjs
2026-10-09T07:18:44.6486565Z ##[error]Process completed with exit code 1.
2026-10-09T07:18:44.6629877Z ##[group]Run actions/upload-artifact@v4
2026-10-09T07:18:44.6630176Z with:
2026-10-09T07:18:44.6630385Z   name: browser-review-platforms
2026-10-09T07:18:44.6630647Z   path: browser-review
2026-10-09T07:18:44.6631197Z   compression-level: 0
2026-10-09T07:18:44.6631433Z   if-no-files-found: warn
2026-10-09T07:18:44.6631663Z   overwrite: false
2026-10-09T07:18:44.6631879Z   include-hidden-files: false
2026-10-09T07:18:44.6632111Z env:
2026-10-09T07:18:44.6632302Z   GROUP: platforms
2026-10-09T07:18:44.6632550Z   CHECKS: check-platform-stations-browser.mjs
2026-10-09T07:18:44.6632843Z   PREPARE: 
2026-10-09T07:18:44.6633027Z ##[endgroup]
2026-10-09T07:18:44.8331851Z (node:3392) [DEP0040] DeprecationWarning: The `punycode` module is deprecated. Please use a userland alternative instead.
2026-10-09T07:18:44.8332719Z (Use `node --trace-deprecation ...` to show where the warning was created)
2026-10-09T07:18:44.8411710Z With the provided path, there will be 7 files uploaded
2026-10-09T07:18:44.8414323Z Artifact name is valid!
2026-10-09T07:18:44.8415050Z Root directory input is valid!
2026-10-09T07:18:45.2489963Z Beginning upload of artifact content to blob storage
2026-10-09T07:18:45.2823274Z (node:3392) [DEP0169] DeprecationWarning: `url.parse()` behavior is not standardized and prone to errors that have security implications. Use the WHATWG URL API instead. CVEs are not issued for `url.parse()` vulnerabilities.
2026-10-09T07:18:45.9457558Z Uploaded bytes 716819
2026-10-09T07:18:46.1287142Z Finished uploading artifact content to blob storage!
2026-10-09T07:18:46.1288502Z SHA256 digest of uploaded artifact zip is 93d7b99c5f424f9d6f053342c0556e21ec2d997119516d8bd99486ef8a99ac35
2026-10-09T07:18:46.1289275Z Finalizing artifact upload
2026-10-09T07:18:46.2905454Z Artifact browser-review-platforms.zip successfully finalized. Artifact ID 11601292244
2026-10-09T07:18:46.2906852Z Artifact browser-review-platforms has been successfully uploaded! Final size is 716819 bytes. Artifact ID is 11601292244
2026-10-09T07:18:46.2922464Z Artifact download URL: https://github.com/c933103/openrailwaystyle/actions/runs/37897297312/artifacts/11601292244
2026-10-09T07:18:46.3169311Z Post job cleanup.
2026-10-09T07:18:46.4074794Z [command]/usr/bin/git version
2026-10-09T07:18:46.4119905Z git version 2.55.0
2026-10-09T07:18:46.4159883Z Temporarily overriding HOME='/home/runner/work/_temp/75992ed7-aef4-4290-92e5-91a24c78267a' before making global git config changes
2026-10-09T07:18:46.4161680Z Adding repository directory to the temporary git global config as a safe directory
2026-10-09T07:18:46.4166519Z [command]/usr/bin/git config --global --add safe.directory /home/runner/work/openrailwaystyle/openrailwaystyle
2026-10-09T07:18:46.4206129Z [command]/usr/bin/git config --local --name-only --get-regexp core\.sshCommand
2026-10-09T07:18:46.4252453Z [command]/usr/bin/git submodule foreach --recursive sh -c "git config --local --name-only --get-regexp 'core\.sshCommand' && git config --local --unset-all 'core.sshCommand' || :"
2026-10-09T07:18:46.4501630Z [command]/usr/bin/git config --local --name-only --get-regexp http\.https\:\/\/github\.com\/\.extraheader
2026-10-09T07:18:46.4528682Z http.https://github.com/.extraheader
2026-10-09T07:18:46.4542013Z [command]/usr/bin/git config --local --unset-all http.https://github.com/.extraheader
2026-10-09T07:18:46.4576995Z [command]/usr/bin/git submodule foreach --recursive sh -c "git config --local --name-only --get-regexp 'http\.https\:\/\/github\.com\/\.extraheader' && git config --local --unset-all 'http.https://github.com/.extraheader' || :"
2026-10-09T07:18:46.4838903Z [command]/usr/bin/git config --local --name-only --get-regexp ^includeIf\.gitdir:
2026-10-09T07:18:46.4879709Z [command]/usr/bin/git submodule foreach --recursive git config --local --show-origin --name-only --get-regexp remote.origin.url
2026-10-09T07:18:46.5284455Z Cleaning up orphan processes
2026-10-09T07:18:46.5612367Z Terminate orphan process: pid (3195) (node)
2026-10-09T07:18:46.5634759Z ##[warning]Node.js 20 is deprecated. The following actions target Node.js 20 but are being forced to run on Node.js 24: actions/checkout@v4, actions/download-artifact@v4, actions/setup-node@v4, actions/upload-artifact@v4. For more information see: https://github.blog/changelog/2025-09-19-deprecation-of-node-20-on-github-actions-runners/
