2026-10-09T07:26:31.8280945Z Current runner version: '2.337.0'
2026-10-09T07:26:31.8303742Z ##[group]Runner Image Provisioner
2026-10-09T07:26:31.8304621Z Hosted Compute Agent
2026-10-09T07:26:31.8305322Z Version: 20261002.596
2026-10-09T07:26:31.8305926Z Commit: c3d12f3313a95f25162a1503be624f3b0617f8c0
2026-10-09T07:26:31.8306633Z Build Date: 2026-10-02T22:28:27Z
2026-10-09T07:26:31.8307486Z Worker ID: {3377e739-fe17-42ac-a2fb-ab40b5e480d3}
2026-10-09T07:26:31.8308190Z Region: centralus
2026-10-09T07:26:31.8308733Z Cloud: Azure
2026-10-09T07:26:31.8309247Z ##[endgroup]
2026-10-09T07:26:31.8310474Z ##[group]Operating System
2026-10-09T07:26:31.8311132Z Ubuntu
2026-10-09T07:26:31.8311658Z 24.04.5
2026-10-09T07:26:31.8312167Z LTS
2026-10-09T07:26:31.8312656Z ##[endgroup]
2026-10-09T07:26:31.8313166Z ##[group]Runner Image
2026-10-09T07:26:31.8313784Z Image: ubuntu-24.04
2026-10-09T07:26:31.8314339Z Version: 20261004.327.1
2026-10-09T07:26:31.8315556Z Included Software: https://github.com/actions/runner-images/blob/ubuntu24/20261004.327/images/ubuntu/Ubuntu2404-Readme.md
2026-10-09T07:26:31.8317117Z Image Release: https://github.com/actions/runner-images/releases/tag/ubuntu24%2F20261004.327
2026-10-09T07:26:31.8318081Z ##[endgroup]
2026-10-09T07:26:31.8319150Z ##[group]GITHUB_TOKEN Permissions
2026-10-09T07:26:31.8321055Z Contents: read
2026-10-09T07:26:31.8321599Z Metadata: read
2026-10-09T07:26:31.8322152Z ##[endgroup]
2026-10-09T07:26:31.8324056Z Secret source: Actions
2026-10-09T07:26:31.8325047Z Cache mode: write
2026-10-09T07:26:31.8325712Z Prepare workflow directory
2026-10-09T07:26:31.8797763Z Prepare all required actions
2026-10-09T07:26:31.8849922Z Getting action download info
2026-10-09T07:26:32.1416348Z Download action repository 'actions/checkout@v4' (SHA:11d5960a326750d5838078e36cf38b85af677262)
2026-10-09T07:26:32.2441234Z Download action repository 'actions/setup-node@v4' (SHA:49933ea5288caeca8642d1e84afbd3f7d6820020)
2026-10-09T07:26:32.3716322Z Download action repository 'actions/download-artifact@v4' (SHA:d3f86a106a0bac45b974a628896c90dbdf5c8093)
2026-10-09T07:26:32.8827246Z Download action repository 'actions/upload-artifact@v4' (SHA:ea165f8d65b6e75b540449e92b4886f43607fa02)
2026-10-09T07:26:33.1434353Z Complete job name: browser (platforms)
2026-10-09T07:26:33.2275873Z ##[group]Run actions/checkout@v4
2026-10-09T07:26:33.2277621Z with:
2026-10-09T07:26:33.2278716Z   repository: c933103/openrailwaystyle
2026-10-09T07:26:33.2287665Z   token: ***
2026-10-09T07:26:33.2289039Z   ssh-strict: true
2026-10-09T07:26:33.2290085Z   ssh-user: git
2026-10-09T07:26:33.2291158Z   persist-credentials: true
2026-10-09T07:26:33.2292323Z   clean: true
2026-10-09T07:26:33.2293372Z   sparse-checkout-cone-mode: true
2026-10-09T07:26:33.2294613Z   fetch-depth: 1
2026-10-09T07:26:33.2295800Z   fetch-tags: false
2026-10-09T07:26:33.2296959Z   show-progress: true
2026-10-09T07:26:33.2298064Z   lfs: false
2026-10-09T07:26:33.2299016Z   submodules: false
2026-10-09T07:26:33.2300312Z   set-safe-directory: true
2026-10-09T07:26:33.2301464Z   allow-unsafe-pr-checkout: false
2026-10-09T07:26:33.2302951Z env:
2026-10-09T07:26:33.2303885Z   GROUP: platforms
2026-10-09T07:26:33.2305006Z   CHECKS: check-platform-stations-browser.mjs
2026-10-09T07:26:33.2306302Z   PREPARE: 
2026-10-09T07:26:33.2307570Z ##[endgroup]
2026-10-09T07:26:33.3351561Z Syncing repository: c933103/openrailwaystyle
2026-10-09T07:26:33.3355337Z ##[group]Getting Git version info
2026-10-09T07:26:33.3357996Z Working directory is '/home/runner/work/openrailwaystyle/openrailwaystyle'
2026-10-09T07:26:33.3361355Z [command]/usr/bin/git version
2026-10-09T07:26:33.3367484Z git version 2.55.0
2026-10-09T07:26:33.3393157Z ##[endgroup]
2026-10-09T07:26:33.3403304Z Temporarily overriding HOME='/home/runner/work/_temp/789ab296-9d20-46f3-8e5f-d5315c3c5e17' before making global git config changes
2026-10-09T07:26:33.3408459Z Adding repository directory to the temporary git global config as a safe directory
2026-10-09T07:26:33.3412669Z [command]/usr/bin/git config --global --add safe.directory /home/runner/work/openrailwaystyle/openrailwaystyle
2026-10-09T07:26:33.3451170Z Deleting the contents of '/home/runner/work/openrailwaystyle/openrailwaystyle'
2026-10-09T07:26:33.3466297Z ##[group]Initializing the repository
2026-10-09T07:26:33.3469666Z [command]/usr/bin/git init /home/runner/work/openrailwaystyle/openrailwaystyle
2026-10-09T07:26:33.3576582Z hint: Using 'master' as the name for the initial branch. This default branch name
2026-10-09T07:26:33.3580587Z hint: will change to "main" in Git 3.0. To configure the initial branch name
2026-10-09T07:26:33.3584728Z hint: to use in all of your new repositories, which will suppress this warning,
2026-10-09T07:26:33.3587641Z hint: call:
2026-10-09T07:26:33.3589234Z hint:
2026-10-09T07:26:33.3591400Z hint: 	git config --global init.defaultBranch <name>
2026-10-09T07:26:33.3593702Z hint:
2026-10-09T07:26:33.3595708Z hint: Names commonly chosen instead of 'master' are 'main', 'trunk' and
2026-10-09T07:26:33.3599091Z hint: 'development'. The just-created branch can be renamed via this command:
2026-10-09T07:26:33.3601621Z hint:
2026-10-09T07:26:33.3603266Z hint: 	git branch -m <name>
2026-10-09T07:26:33.3604919Z hint:
2026-10-09T07:26:33.3607356Z hint: Disable this message with "git config set advice.defaultBranchName false"
2026-10-09T07:26:33.3611446Z Initialized empty Git repository in /home/runner/work/openrailwaystyle/openrailwaystyle/.git/
2026-10-09T07:26:33.3617675Z [command]/usr/bin/git remote add origin https://github.com/c933103/openrailwaystyle
2026-10-09T07:26:33.3637017Z ##[endgroup]
2026-10-09T07:26:33.3639416Z ##[group]Disabling automatic garbage collection
2026-10-09T07:26:33.3641483Z [command]/usr/bin/git config --local gc.auto 0
2026-10-09T07:26:33.3675211Z ##[endgroup]
2026-10-09T07:26:33.3678098Z ##[group]Setting up auth
2026-10-09T07:26:33.3683271Z [command]/usr/bin/git config --local --name-only --get-regexp core\.sshCommand
2026-10-09T07:26:33.3714021Z [command]/usr/bin/git submodule foreach --recursive sh -c "git config --local --name-only --get-regexp 'core\.sshCommand' && git config --local --unset-all 'core.sshCommand' || :"
2026-10-09T07:26:33.4068185Z [command]/usr/bin/git config --local --name-only --get-regexp http\.https\:\/\/github\.com\/\.extraheader
2026-10-09T07:26:33.4102098Z [command]/usr/bin/git submodule foreach --recursive sh -c "git config --local --name-only --get-regexp 'http\.https\:\/\/github\.com\/\.extraheader' && git config --local --unset-all 'http.https://github.com/.extraheader' || :"
2026-10-09T07:26:33.4313037Z [command]/usr/bin/git config --local --name-only --get-regexp ^includeIf\.gitdir:
2026-10-09T07:26:33.4346766Z [command]/usr/bin/git submodule foreach --recursive git config --local --show-origin --name-only --get-regexp remote.origin.url
2026-10-09T07:26:33.4543074Z [command]/usr/bin/git config --local http.https://github.com/.extraheader AUTHORIZATION: basic ***
2026-10-09T07:26:33.4582342Z ##[endgroup]
2026-10-09T07:26:33.4584959Z ##[group]Fetching the repository
2026-10-09T07:26:33.4594432Z [command]/usr/bin/git -c protocol.version=2 fetch --no-tags --prune --no-recurse-submodules --depth=1 origin +84a007281f7fb4fac3c233dfb44300e15c78b74b:refs/remotes/pull/164/merge
2026-10-09T07:26:34.7261351Z From https://github.com/c933103/openrailwaystyle
2026-10-09T07:26:34.7262314Z  * [new ref]         84a007281f7fb4fac3c233dfb44300e15c78b74b -> pull/164/merge
2026-10-09T07:26:34.7265750Z ##[endgroup]
2026-10-09T07:26:34.7266519Z ##[group]Determining the checkout info
2026-10-09T07:26:34.7268529Z ##[endgroup]
2026-10-09T07:26:34.7282860Z [command]/usr/bin/git sparse-checkout disable
2026-10-09T07:26:34.7331879Z [command]/usr/bin/git config --local --unset-all extensions.worktreeConfig
2026-10-09T07:26:34.7360127Z ##[group]Checking out the ref
2026-10-09T07:26:34.7363453Z [command]/usr/bin/git checkout --progress --force refs/remotes/pull/164/merge
2026-10-09T07:26:34.7863839Z Note: switching to 'refs/remotes/pull/164/merge'.
2026-10-09T07:26:34.7864579Z 
2026-10-09T07:26:34.7865237Z You are in 'detached HEAD' state. You can look around, make experimental
2026-10-09T07:26:34.7866690Z changes and commit them, and you can discard any commits you make in this
2026-10-09T07:26:34.7867792Z state without impacting any branches by switching back to a branch.
2026-10-09T07:26:34.7868339Z 
2026-10-09T07:26:34.7868860Z If you want to create a new branch to retain commits you create, you may
2026-10-09T07:26:34.7869857Z do so (now or later) by using -c with the switch command. Example:
2026-10-09T07:26:34.7870341Z 
2026-10-09T07:26:34.7870606Z   git switch -c <new-branch-name>
2026-10-09T07:26:34.7870993Z 
2026-10-09T07:26:34.7871178Z Or undo this operation with:
2026-10-09T07:26:34.7871446Z 
2026-10-09T07:26:34.7871623Z   git switch -
2026-10-09T07:26:34.7871888Z 
2026-10-09T07:26:34.7872293Z Turn off this advice by setting config variable advice.detachedHead to false
2026-10-09T07:26:34.7872646Z 
2026-10-09T07:26:34.7873110Z HEAD is now at 84a0072 Merge 4d34da8a3d06e83b7c979bd882c4725d3cebbd7a into 6c5fbb21ed86b0437f1bf2d6caca8819781e67f2
2026-10-09T07:26:34.7875332Z ##[endgroup]
2026-10-09T07:26:34.7914104Z [command]/usr/bin/git log -1 --format=%H
2026-10-09T07:26:34.7935771Z 84a007281f7fb4fac3c233dfb44300e15c78b74b
2026-10-09T07:26:34.8198580Z ##[group]Run actions/setup-node@v4
2026-10-09T07:26:34.8199060Z with:
2026-10-09T07:26:34.8199406Z   node-version: 22
2026-10-09T07:26:34.8199794Z   always-auth: false
2026-10-09T07:26:34.8200191Z   check-latest: false
2026-10-09T07:26:34.8203022Z   token: ***
2026-10-09T07:26:34.8203359Z env:
2026-10-09T07:26:34.8203708Z   GROUP: platforms
2026-10-09T07:26:34.8204145Z   CHECKS: check-platform-stations-browser.mjs
2026-10-09T07:26:34.8204604Z   PREPARE: 
2026-10-09T07:26:34.8204937Z ##[endgroup]
2026-10-09T07:26:34.9604323Z Found in cache @ /opt/hostedtoolcache/node/22.23.3/x64
2026-10-09T07:26:34.9607301Z (node:2294) [DEP0040] DeprecationWarning: The `punycode` module is deprecated. Please use a userland alternative instead.
2026-10-09T07:26:34.9609501Z (Use `node --trace-deprecation ...` to show where the warning was created)
2026-10-09T07:26:34.9611255Z ##[group]Environment details
2026-10-09T07:26:35.3701710Z node: v22.23.3
2026-10-09T07:26:35.3702216Z npm: 10.9.9
2026-10-09T07:26:35.3702830Z yarn: 1.22.22
2026-10-09T07:26:35.3703736Z ##[endgroup]
2026-10-09T07:26:35.3829476Z ##[group]Run npm ci --ignore-scripts --no-audit --no-fund
2026-10-09T07:26:35.3830429Z [36;1mnpm ci --ignore-scripts --no-audit --no-fund[0m
2026-10-09T07:26:35.4085500Z shell: /usr/bin/bash -e {0}
2026-10-09T07:26:35.4085945Z env:
2026-10-09T07:26:35.4086306Z   GROUP: platforms
2026-10-09T07:26:35.4086680Z   CHECKS: check-platform-stations-browser.mjs
2026-10-09T07:26:35.4087386Z   PREPARE: 
2026-10-09T07:26:35.4087706Z ##[endgroup]
2026-10-09T07:26:37.7987630Z npm warn deprecated whatwg-encoding@3.1.1: Use @exodus/bytes instead for a more spec-conformant and faster implementation
2026-10-09T07:26:38.2317212Z npm warn deprecated text-encoding@0.6.4: no longer maintained
2026-10-09T07:26:39.3764167Z 
2026-10-09T07:26:39.3765155Z added 102 packages in 4s
2026-10-09T07:26:39.4108281Z ##[group]Run actions/download-artifact@v4
2026-10-09T07:26:39.4108661Z with:
2026-10-09T07:26:39.4109032Z   name: railway-world-site
2026-10-09T07:26:39.4109352Z   path: styles
2026-10-09T07:26:39.4109631Z   merge-multiple: false
2026-10-09T07:26:39.4109982Z   repository: c933103/openrailwaystyle
2026-10-09T07:26:39.4110324Z   run-id: 37898693045
2026-10-09T07:26:39.4110642Z env:
2026-10-09T07:26:39.4110920Z   GROUP: platforms
2026-10-09T07:26:39.4111247Z   CHECKS: check-platform-stations-browser.mjs
2026-10-09T07:26:39.4111621Z   PREPARE: 
2026-10-09T07:26:39.4111893Z ##[endgroup]
2026-10-09T07:26:39.5551475Z Downloading single artifact
2026-10-09T07:26:39.5696703Z (node:2341) [DEP0040] DeprecationWarning: The `punycode` module is deprecated. Please use a userland alternative instead.
2026-10-09T07:26:39.5697966Z (Use `node --trace-deprecation ...` to show where the warning was created)
2026-10-09T07:26:39.7375730Z Preparing to download the following artifacts:
2026-10-09T07:26:39.7377313Z - railway-world-site (ID: 11601692006, Size: 394730272, Expected Digest: sha256:b8c5009c26799d50d82ef43c0a21f6ebf8e7499ce4b96025c40b465a21f38c04)
2026-10-09T07:26:39.9081061Z Redirecting to blob download url: https://productionresultssa18.blob.core.windows.net/actions-results/0c3bf006-aec8-84cd-a9b8-309fd62461f7/workflow-job-run-0933f663-5e13-5590-9ae0-5cdb24a12457/artifacts/3b14750bb481a9fb3d9b70d7d79ecb4dd8f5fa89499549f5eeb9b2fa6e9b78a9.zip
2026-10-09T07:26:39.9082744Z Starting download of artifact to: /home/runner/work/openrailwaystyle/openrailwaystyle/styles
2026-10-09T07:26:40.1317518Z (node:2341) [DEP0005] DeprecationWarning: Buffer() is deprecated due to security and usability issues. Please use the Buffer.alloc(), Buffer.allocUnsafe(), or Buffer.from() methods instead.
2026-10-09T07:26:52.9229749Z SHA256 digest of downloaded artifact is b8c5009c26799d50d82ef43c0a21f6ebf8e7499ce4b96025c40b465a21f38c04
2026-10-09T07:26:52.9230532Z Artifact download completed successfully.
2026-10-09T07:26:52.9231039Z Total of 1 artifact(s) downloaded
2026-10-09T07:26:52.9237407Z Download artifact has finished successfully
2026-10-09T07:26:52.9511093Z ##[group]Run npx playwright install --with-deps chromium
2026-10-09T07:26:52.9511634Z [36;1mnpx playwright install --with-deps chromium[0m
2026-10-09T07:26:52.9552985Z shell: /usr/bin/bash -e {0}
2026-10-09T07:26:52.9553366Z env:
2026-10-09T07:26:52.9553659Z   GROUP: platforms
2026-10-09T07:26:52.9554069Z   CHECKS: check-platform-stations-browser.mjs
2026-10-09T07:26:52.9554538Z   PREPARE: 
2026-10-09T07:26:52.9554847Z ##[endgroup]
2026-10-09T07:26:53.7341746Z Installing dependencies...
2026-10-09T07:26:53.7401178Z Switching to root user to install dependencies...
2026-10-09T07:26:53.8152726Z Get:1 file:/etc/apt/apt-mirrors.txt Mirrorlist [144 B]
2026-10-09T07:26:53.8535664Z Hit:2 http://azure.archive.ubuntu.com/ubuntu noble InRelease
2026-10-09T07:26:53.8586171Z Get:3 http://azure.archive.ubuntu.com/ubuntu noble-updates InRelease [126 kB]
2026-10-09T07:26:53.8617565Z Get:4 http://azure.archive.ubuntu.com/ubuntu noble-backports InRelease [126 kB]
2026-10-09T07:26:53.8655246Z Get:5 http://azure.archive.ubuntu.com/ubuntu noble-security InRelease [126 kB]
2026-10-09T07:26:53.8667914Z Get:6 https://packages.microsoft.com/ubuntu/24.04/prod noble InRelease [3600 B]
2026-10-09T07:26:53.9689485Z Get:7 http://azure.archive.ubuntu.com/ubuntu noble-updates/main amd64 Packages [1375 kB]
2026-10-09T07:26:53.9824895Z Get:8 http://azure.archive.ubuntu.com/ubuntu noble-updates/main Translation-en [306 kB]
2026-10-09T07:26:53.9868597Z Get:9 http://azure.archive.ubuntu.com/ubuntu noble-updates/universe amd64 Packages [1702 kB]
2026-10-09T07:26:53.9960071Z Get:10 http://azure.archive.ubuntu.com/ubuntu noble-updates/universe Translation-en [342 kB]
2026-10-09T07:26:53.9971440Z Get:11 http://azure.archive.ubuntu.com/ubuntu noble-updates/restricted amd64 Packages [1761 kB]
2026-10-09T07:26:54.0064816Z Get:12 http://azure.archive.ubuntu.com/ubuntu noble-updates/restricted Translation-en [401 kB]
2026-10-09T07:26:54.0097132Z Get:13 http://azure.archive.ubuntu.com/ubuntu noble-updates/multiverse amd64 Packages [55.0 kB]
2026-10-09T07:26:54.0108473Z Get:14 http://azure.archive.ubuntu.com/ubuntu noble-updates/multiverse Translation-en [14.3 kB]
2026-10-09T07:26:54.0628234Z Get:15 http://azure.archive.ubuntu.com/ubuntu noble-security/main amd64 Packages [1118 kB]
2026-10-09T07:26:54.0689599Z Get:16 http://azure.archive.ubuntu.com/ubuntu noble-security/main Translation-en [228 kB]
2026-10-09T07:26:54.1137169Z Get:17 http://azure.archive.ubuntu.com/ubuntu noble-security/universe amd64 Packages [1220 kB]
2026-10-09T07:26:54.1199755Z Get:18 http://azure.archive.ubuntu.com/ubuntu noble-security/universe Translation-en [245 kB]
2026-10-09T07:26:54.1221799Z Get:19 http://azure.archive.ubuntu.com/ubuntu noble-security/restricted amd64 Packages [1667 kB]
2026-10-09T07:26:54.1281275Z Get:23 https://packages.microsoft.com/ubuntu/24.04/prod noble/main amd64 Packages [531 kB]
2026-10-09T07:26:54.1320755Z Get:20 http://azure.archive.ubuntu.com/ubuntu noble-security/restricted Translation-en [383 kB]
2026-10-09T07:26:54.1332707Z Get:21 http://azure.archive.ubuntu.com/ubuntu noble-security/multiverse amd64 Packages [49.8 kB]
2026-10-09T07:26:54.1341698Z Get:22 http://azure.archive.ubuntu.com/ubuntu noble-security/multiverse Translation-en [12.4 kB]
2026-10-09T07:26:54.1367132Z Get:24 https://packages.microsoft.com/ubuntu/24.04/prod noble/main armhf Packages [12.3 kB]
2026-10-09T07:26:54.1399123Z Get:25 https://packages.microsoft.com/ubuntu/24.04/prod noble/main all Packages [640 B]
2026-10-09T07:26:54.1428521Z Get:26 https://packages.microsoft.com/ubuntu/24.04/prod noble/main arm64 Packages [475 kB]
2026-10-09T07:26:57.3521721Z Fetched 12.3 MB in 1s (9344 kB/s)
2026-10-09T07:26:58.2418104Z Reading package lists...
2026-10-09T07:26:58.2694156Z Reading package lists...
2026-10-09T07:26:58.4709705Z Building dependency tree...
2026-10-09T07:26:58.4716237Z Reading state information...
2026-10-09T07:26:58.6462886Z libasound2t64 is already the newest version (1.2.11-1ubuntu0.3).
2026-10-09T07:26:58.6464057Z libasound2t64 set to manually installed.
2026-10-09T07:26:58.6478001Z libatk-bridge2.0-0t64 is already the newest version (2.52.0-1build1).
2026-10-09T07:26:58.6478789Z libatk-bridge2.0-0t64 set to manually installed.
2026-10-09T07:26:58.6479330Z libatk1.0-0t64 is already the newest version (2.52.0-1build1).
2026-10-09T07:26:58.6479823Z libatk1.0-0t64 set to manually installed.
2026-10-09T07:26:58.6480326Z libatspi2.0-0t64 is already the newest version (2.52.0-1build1).
2026-10-09T07:26:58.6480851Z libatspi2.0-0t64 set to manually installed.
2026-10-09T07:26:58.6481355Z libcairo2 is already the newest version (1.18.0-3build1).
2026-10-09T07:26:58.6481808Z libcairo2 set to manually installed.
2026-10-09T07:26:58.6482336Z libcups2t64 is already the newest version (2.4.7-1.2ubuntu7.14).
2026-10-09T07:26:58.6482803Z libcups2t64 set to manually installed.
2026-10-09T07:26:58.6483287Z libdbus-1-3 is already the newest version (1.14.10-4ubuntu4.1).
2026-10-09T07:26:58.6483846Z libdbus-1-3 set to manually installed.
2026-10-09T07:26:58.6484331Z libdrm2 is already the newest version (2.4.125-1ubuntu0.1~24.04.2).
2026-10-09T07:26:58.6484802Z libdrm2 set to manually installed.
2026-10-09T07:26:58.6485323Z libgbm1 is already the newest version (25.2.8-0ubuntu0.24.04.4).
2026-10-09T07:26:58.6485778Z libgbm1 set to manually installed.
2026-10-09T07:26:58.6486256Z libglib2.0-0t64 is already the newest version (2.80.0-6ubuntu3.9).
2026-10-09T07:26:58.6486743Z libglib2.0-0t64 set to manually installed.
2026-10-09T07:26:58.6487395Z libnspr4 is already the newest version (2:4.35-1.1build1).
2026-10-09T07:26:58.6487864Z libnspr4 set to manually installed.
2026-10-09T07:26:58.6488435Z libnss3 is already the newest version (2:3.98-1ubuntu0.2).
2026-10-09T07:26:58.6488864Z libnss3 set to manually installed.
2026-10-09T07:26:58.6489314Z libpango-1.0-0 is already the newest version (1.52.1+ds-1build1).
2026-10-09T07:26:58.6489859Z libpango-1.0-0 set to manually installed.
2026-10-09T07:26:58.6490331Z libx11-6 is already the newest version (2:1.8.7-1build1).
2026-10-09T07:26:58.6490786Z libx11-6 set to manually installed.
2026-10-09T07:26:58.6491248Z libxcb1 is already the newest version (1.15-1ubuntu2).
2026-10-09T07:26:58.6491677Z libxcb1 set to manually installed.
2026-10-09T07:26:58.6492174Z libxcomposite1 is already the newest version (1:0.4.5-1build3).
2026-10-09T07:26:58.6492659Z libxcomposite1 set to manually installed.
2026-10-09T07:26:58.6493171Z libxdamage1 is already the newest version (1:1.1.6-1build1).
2026-10-09T07:26:58.6493616Z libxdamage1 set to manually installed.
2026-10-09T07:26:58.6494110Z libxext6 is already the newest version (2:1.3.4-1build2).
2026-10-09T07:26:58.6494563Z libxext6 set to manually installed.
2026-10-09T07:26:58.6495005Z libxfixes3 is already the newest version (1:6.0.0-2build1).
2026-10-09T07:26:58.6495515Z libxfixes3 set to manually installed.
2026-10-09T07:26:58.6495984Z libxkbcommon0 is already the newest version (1.6.0-1build1).
2026-10-09T07:26:58.6496676Z libxkbcommon0 set to manually installed.
2026-10-09T07:26:58.6497269Z libxrandr2 is already the newest version (2:1.5.2-2build1).
2026-10-09T07:26:58.6497753Z libxrandr2 set to manually installed.
2026-10-09T07:26:58.6498220Z xvfb is already the newest version (2:21.1.12-1ubuntu1.8).
2026-10-09T07:26:58.6498797Z fonts-noto-color-emoji is already the newest version (2.047-0ubuntu0.24.04.1).
2026-10-09T07:26:58.6499480Z libfontconfig1 is already the newest version (2.15.0-1.1ubuntu2).
2026-10-09T07:26:58.6499950Z libfontconfig1 set to manually installed.
2026-10-09T07:26:58.6500419Z fonts-liberation is already the newest version (1:2.1.5-3).
2026-10-09T07:26:58.6500928Z fonts-liberation set to manually installed.
2026-10-09T07:26:58.6501381Z The following additional packages will be installed:
2026-10-09T07:26:58.6501863Z   xfonts-encodings xfonts-utils
2026-10-09T07:26:58.6502254Z Recommended packages:
2026-10-09T07:26:58.6502627Z   fonts-ipafont-mincho fonts-tlwg-loma
2026-10-09T07:26:58.6641693Z The following NEW packages will be installed:
2026-10-09T07:26:58.6642805Z   fonts-freefont-ttf fonts-ipafont-gothic fonts-tlwg-loma-otf fonts-unifont
2026-10-09T07:26:58.6647995Z   fonts-wqy-zenhei xfonts-cyrillic xfonts-encodings xfonts-scalable
2026-10-09T07:26:58.6648661Z   xfonts-utils
2026-10-09T07:26:58.6652536Z The following packages will be upgraded:
2026-10-09T07:26:58.6657536Z   libfreetype6
2026-10-09T07:26:58.6813203Z 1 upgraded, 9 newly installed, 0 to remove and 22 not upgraded.
2026-10-09T07:26:58.6813894Z Need to get 21.5 MB of archives.
2026-10-09T07:26:58.6814792Z After this operation, 79.5 MB of additional disk space will be used.
2026-10-09T07:26:58.6815752Z Get:1 file:/etc/apt/apt-mirrors.txt Mirrorlist [144 B]
2026-10-09T07:26:58.7435007Z Get:2 http://azure.archive.ubuntu.com/ubuntu noble/universe amd64 fonts-ipafont-gothic all 00303-21ubuntu1 [3513 kB]
2026-10-09T07:26:58.8101400Z Get:3 http://azure.archive.ubuntu.com/ubuntu noble/main amd64 fonts-freefont-ttf all 20211204+svn4273-2 [5641 kB]
2026-10-09T07:26:58.9030128Z Get:4 http://azure.archive.ubuntu.com/ubuntu noble/universe amd64 fonts-tlwg-loma-otf all 1:0.7.3-1 [107 kB]
2026-10-09T07:26:58.9344770Z Get:5 http://azure.archive.ubuntu.com/ubuntu noble/universe amd64 fonts-unifont all 1:15.1.01-1build1 [2993 kB]
2026-10-09T07:26:58.9975800Z Get:6 http://azure.archive.ubuntu.com/ubuntu noble/universe amd64 fonts-wqy-zenhei all 0.9.45-8 [7472 kB]
2026-10-09T07:26:59.1039773Z Get:7 http://azure.archive.ubuntu.com/ubuntu noble-updates/main amd64 libfreetype6 amd64 2.13.2+dfsg-1ubuntu0.2 [403 kB]
2026-10-09T07:26:59.1368468Z Get:8 http://azure.archive.ubuntu.com/ubuntu noble/main amd64 xfonts-encodings all 1:1.0.5-0ubuntu2 [578 kB]
2026-10-09T07:26:59.1713202Z Get:9 http://azure.archive.ubuntu.com/ubuntu noble/main amd64 xfonts-utils amd64 1:7.7+6build3 [94.4 kB]
2026-10-09T07:26:59.2005502Z Get:10 http://azure.archive.ubuntu.com/ubuntu noble/universe amd64 xfonts-cyrillic all 1:1.0.5+nmu1 [384 kB]
2026-10-09T07:26:59.2353419Z Get:11 http://azure.archive.ubuntu.com/ubuntu noble/main amd64 xfonts-scalable all 1:1.0.3-1.3 [304 kB]
2026-10-09T07:26:59.4890680Z Fetched 21.5 MB in 1s (38.1 MB/s)
2026-10-09T07:26:59.5108174Z Selecting previously unselected package fonts-ipafont-gothic.
2026-10-09T07:26:59.5310878Z (Reading database ... 
2026-10-09T07:26:59.5311697Z (Reading database ... 5%
2026-10-09T07:26:59.5312613Z (Reading database ... 10%
2026-10-09T07:26:59.5313292Z (Reading database ... 15%
2026-10-09T07:26:59.5313834Z (Reading database ... 20%
2026-10-09T07:26:59.5314521Z (Reading database ... 25%
2026-10-09T07:26:59.5315067Z (Reading database ... 30%
2026-10-09T07:26:59.5315631Z (Reading database ... 35%
2026-10-09T07:26:59.5316281Z (Reading database ... 40%
2026-10-09T07:26:59.5317020Z (Reading database ... 45%
2026-10-09T07:26:59.5317520Z (Reading database ... 50%
2026-10-09T07:26:59.5363055Z (Reading database ... 55%
2026-10-09T07:26:59.6184064Z (Reading database ... 60%
2026-10-09T07:26:59.8478086Z (Reading database ... 65%
2026-10-09T07:27:00.0141630Z (Reading database ... 70%
2026-10-09T07:27:00.2139728Z (Reading database ... 75%
2026-10-09T07:27:00.3534721Z (Reading database ... 80%
2026-10-09T07:27:00.4973066Z (Reading database ... 85%
2026-10-09T07:27:00.6502192Z (Reading database ... 90%
2026-10-09T07:27:00.7971173Z (Reading database ... 95%
2026-10-09T07:27:00.7971885Z (Reading database ... 100%
2026-10-09T07:27:00.7972557Z (Reading database ... 203191 files and directories currently installed.)
2026-10-09T07:27:00.8017242Z Preparing to unpack .../0-fonts-ipafont-gothic_00303-21ubuntu1_all.deb ...
2026-10-09T07:27:00.8104607Z Unpacking fonts-ipafont-gothic (00303-21ubuntu1) ...
2026-10-09T07:27:01.3889230Z Selecting previously unselected package fonts-freefont-ttf.
2026-10-09T07:27:01.4019157Z Preparing to unpack .../1-fonts-freefont-ttf_20211204+svn4273-2_all.deb ...
2026-10-09T07:27:01.4194374Z Unpacking fonts-freefont-ttf (20211204+svn4273-2) ...
2026-10-09T07:27:01.8205369Z Selecting previously unselected package fonts-tlwg-loma-otf.
2026-10-09T07:27:01.8334145Z Preparing to unpack .../2-fonts-tlwg-loma-otf_1%3a0.7.3-1_all.deb ...
2026-10-09T07:27:01.8345037Z Unpacking fonts-tlwg-loma-otf (1:0.7.3-1) ...
2026-10-09T07:27:01.8595215Z Selecting previously unselected package fonts-unifont.
2026-10-09T07:27:01.8737223Z Preparing to unpack .../3-fonts-unifont_1%3a15.1.01-1build1_all.deb ...
2026-10-09T07:27:01.8749900Z Unpacking fonts-unifont (1:15.1.01-1build1) ...
2026-10-09T07:27:02.1052580Z Selecting previously unselected package fonts-wqy-zenhei.
2026-10-09T07:27:02.1176770Z Preparing to unpack .../4-fonts-wqy-zenhei_0.9.45-8_all.deb ...
2026-10-09T07:27:02.1264548Z Unpacking fonts-wqy-zenhei (0.9.45-8) ...
2026-10-09T07:27:02.7269192Z Preparing to unpack .../5-libfreetype6_2.13.2+dfsg-1ubuntu0.2_amd64.deb ...
2026-10-09T07:27:02.7304828Z Unpacking libfreetype6:amd64 (2.13.2+dfsg-1ubuntu0.2) over (2.13.2+dfsg-1ubuntu0.1) ...
2026-10-09T07:27:02.7534868Z Selecting previously unselected package xfonts-encodings.
2026-10-09T07:27:02.7659572Z Preparing to unpack .../6-xfonts-encodings_1%3a1.0.5-0ubuntu2_all.deb ...
2026-10-09T07:27:02.7670593Z Unpacking xfonts-encodings (1:1.0.5-0ubuntu2) ...
2026-10-09T07:27:02.8168206Z Selecting previously unselected package xfonts-utils.
2026-10-09T07:27:02.8293845Z Preparing to unpack .../7-xfonts-utils_1%3a7.7+6build3_amd64.deb ...
2026-10-09T07:27:02.8304552Z Unpacking xfonts-utils (1:7.7+6build3) ...
2026-10-09T07:27:02.8616535Z Selecting previously unselected package xfonts-cyrillic.
2026-10-09T07:27:02.8740212Z Preparing to unpack .../8-xfonts-cyrillic_1%3a1.0.5+nmu1_all.deb ...
2026-10-09T07:27:02.8751011Z Unpacking xfonts-cyrillic (1:1.0.5+nmu1) ...
2026-10-09T07:27:02.8996519Z Selecting previously unselected package xfonts-scalable.
2026-10-09T07:27:02.9119029Z Preparing to unpack .../9-xfonts-scalable_1%3a1.0.3-1.3_all.deb ...
2026-10-09T07:27:02.9128037Z Unpacking xfonts-scalable (1:1.0.3-1.3) ...
2026-10-09T07:27:02.9592226Z Setting up fonts-wqy-zenhei (0.9.45-8) ...
2026-10-09T07:27:02.9700655Z Setting up fonts-freefont-ttf (20211204+svn4273-2) ...
2026-10-09T07:27:02.9722201Z Setting up fonts-tlwg-loma-otf (1:0.7.3-1) ...
2026-10-09T07:27:02.9740544Z Setting up libfreetype6:amd64 (2.13.2+dfsg-1ubuntu0.2) ...
2026-10-09T07:27:02.9759687Z Setting up xfonts-encodings (1:1.0.5-0ubuntu2) ...
2026-10-09T07:27:02.9779568Z Setting up fonts-ipafont-gothic (00303-21ubuntu1) ...
2026-10-09T07:27:02.9841846Z update-alternatives: using /usr/share/fonts/opentype/ipafont-gothic/ipag.ttf to provide /usr/share/fonts/truetype/fonts-japanese-gothic.ttf (fonts-japanese-gothic.ttf) in auto mode
2026-10-09T07:27:02.9860515Z Setting up fonts-unifont (1:15.1.01-1build1) ...
2026-10-09T07:27:02.9881096Z Setting up xfonts-utils (1:7.7+6build3) ...
2026-10-09T07:27:02.9922865Z Setting up xfonts-cyrillic (1:1.0.5+nmu1) ...
2026-10-09T07:27:03.0231517Z Setting up xfonts-scalable (1:1.0.3-1.3) ...
2026-10-09T07:27:03.0463923Z Processing triggers for libc-bin (2.39-0ubuntu8.9) ...
2026-10-09T07:27:03.0743438Z Processing triggers for man-db (2.12.0-4build2) ...
2026-10-09T07:27:03.0768383Z Not building database; man-db/auto-update is not 'true'.
2026-10-09T07:27:03.0783704Z Processing triggers for fontconfig (2.15.0-1.1ubuntu2) ...
2026-10-09T07:27:03.7141071Z 
2026-10-09T07:27:03.7141913Z Running kernel seems to be up-to-date.
2026-10-09T07:27:03.7142320Z 
2026-10-09T07:27:03.7142492Z Restarting services...
2026-10-09T07:27:03.7381942Z  systemctl restart php8.3-fpm.service
2026-10-09T07:27:03.8228954Z 
2026-10-09T07:27:03.8230307Z No containers need to be restarted.
2026-10-09T07:27:03.8230701Z 
2026-10-09T07:27:03.8231187Z No user sessions are running outdated binaries.
2026-10-09T07:27:03.8231814Z 
2026-10-09T07:27:03.8232440Z No VM guests are running outdated hypervisor (qemu) binaries on this host.
2026-10-09T07:27:04.8100508Z Downloading Chromium 141.0.7390.37 (playwright build v1194) from https://cdn.playwright.dev/dbazure/download/playwright/builds/chromium/1194/chromium-linux.zip
2026-10-09T07:27:05.0043514Z |                                                                                |   0% of 173.9 MiB
2026-10-09T07:27:05.2212135Z |■■■■■■■■                                                                        |  10% of 173.9 MiB
2026-10-09T07:27:05.2797708Z |■■■■■■■■■■■■■■■■                                                                |  20% of 173.9 MiB
2026-10-09T07:27:05.3390732Z |■■■■■■■■■■■■■■■■■■■■■■■■                                                        |  30% of 173.9 MiB
2026-10-09T07:27:05.3978413Z |■■■■■■■■■■■■■■■■■■■■■■■■■■■■■■■■                                                |  40% of 173.9 MiB
2026-10-09T07:27:05.4666172Z |■■■■■■■■■■■■■■■■■■■■■■■■■■■■■■■■■■■■■■■■                                        |  50% of 173.9 MiB
2026-10-09T07:27:05.5506030Z |■■■■■■■■■■■■■■■■■■■■■■■■■■■■■■■■■■■■■■■■■■■■■■■■                                |  60% of 173.9 MiB
2026-10-09T07:27:05.6204344Z |■■■■■■■■■■■■■■■■■■■■■■■■■■■■■■■■■■■■■■■■■■■■■■■■■■■■■■■■                        |  70% of 173.9 MiB
2026-10-09T07:27:05.6900130Z |■■■■■■■■■■■■■■■■■■■■■■■■■■■■■■■■■■■■■■■■■■■■■■■■■■■■■■■■■■■■■■■■                |  80% of 173.9 MiB
2026-10-09T07:27:05.7600550Z |■■■■■■■■■■■■■■■■■■■■■■■■■■■■■■■■■■■■■■■■■■■■■■■■■■■■■■■■■■■■■■■■■■■■■■■■        |  90% of 173.9 MiB
2026-10-09T07:27:05.8285562Z |■■■■■■■■■■■■■■■■■■■■■■■■■■■■■■■■■■■■■■■■■■■■■■■■■■■■■■■■■■■■■■■■■■■■■■■■■■■■■■■■| 100% of 173.9 MiB
2026-10-09T07:27:09.6049199Z Chromium 141.0.7390.37 (playwright build v1194) downloaded to /home/runner/.cache/ms-playwright/chromium-1194
2026-10-09T07:27:09.6052056Z Downloading FFMPEG playwright build v1011 from https://cdn.playwright.dev/dbazure/download/playwright/builds/ffmpeg/1011/ffmpeg-linux.zip
2026-10-09T07:27:09.7875820Z |                                                                                |   0% of 2.3 MiB
2026-10-09T07:27:09.8126700Z |■■■■■■■■                                                                        |  10% of 2.3 MiB
2026-10-09T07:27:09.8281632Z |■■■■■■■■■■■■■■■■                                                                |  20% of 2.3 MiB
2026-10-09T07:27:09.8395680Z |■■■■■■■■■■■■■■■■■■■■■■■■                                                        |  30% of 2.3 MiB
2026-10-09T07:27:09.8489916Z |■■■■■■■■■■■■■■■■■■■■■■■■■■■■■■■■                                                |  40% of 2.3 MiB
2026-10-09T07:27:09.8538842Z |■■■■■■■■■■■■■■■■■■■■■■■■■■■■■■■■■■■■■■■■                                        |  50% of 2.3 MiB
2026-10-09T07:27:09.8592306Z |■■■■■■■■■■■■■■■■■■■■■■■■■■■■■■■■■■■■■■■■■■■■■■■■                                |  60% of 2.3 MiB
2026-10-09T07:27:09.8648504Z |■■■■■■■■■■■■■■■■■■■■■■■■■■■■■■■■■■■■■■■■■■■■■■■■■■■■■■■■                        |  70% of 2.3 MiB
2026-10-09T07:27:09.8759258Z |■■■■■■■■■■■■■■■■■■■■■■■■■■■■■■■■■■■■■■■■■■■■■■■■■■■■■■■■■■■■■■■■                |  80% of 2.3 MiB
2026-10-09T07:27:09.8880805Z |■■■■■■■■■■■■■■■■■■■■■■■■■■■■■■■■■■■■■■■■■■■■■■■■■■■■■■■■■■■■■■■■■■■■■■■■        |  90% of 2.3 MiB
2026-10-09T07:27:09.8921563Z |■■■■■■■■■■■■■■■■■■■■■■■■■■■■■■■■■■■■■■■■■■■■■■■■■■■■■■■■■■■■■■■■■■■■■■■■■■■■■■■■| 100% of 2.3 MiB
2026-10-09T07:27:09.9487299Z FFMPEG playwright build v1011 downloaded to /home/runner/.cache/ms-playwright/ffmpeg-1011
2026-10-09T07:27:09.9489435Z Downloading Chromium Headless Shell 141.0.7390.37 (playwright build v1194) from https://cdn.playwright.dev/dbazure/download/playwright/builds/chromium/1194/chromium-headless-shell-linux.zip
2026-10-09T07:27:10.1791138Z |                                                                                |   0% of 104.3 MiB
2026-10-09T07:27:10.4779209Z |■■■■■■■■                                                                        |  10% of 104.3 MiB
2026-10-09T07:27:10.5594113Z |■■■■■■■■■■■■■■■■                                                                |  20% of 104.3 MiB
2026-10-09T07:27:10.6409642Z |■■■■■■■■■■■■■■■■■■■■■■■■                                                        |  30% of 104.3 MiB
2026-10-09T07:27:10.7271426Z |■■■■■■■■■■■■■■■■■■■■■■■■■■■■■■■■                                                |  40% of 104.3 MiB
2026-10-09T07:27:10.8114872Z |■■■■■■■■■■■■■■■■■■■■■■■■■■■■■■■■■■■■■■■■                                        |  50% of 104.3 MiB
2026-10-09T07:27:10.8823889Z |■■■■■■■■■■■■■■■■■■■■■■■■■■■■■■■■■■■■■■■■■■■■■■■■                                |  60% of 104.3 MiB
2026-10-09T07:27:10.9741836Z |■■■■■■■■■■■■■■■■■■■■■■■■■■■■■■■■■■■■■■■■■■■■■■■■■■■■■■■■                        |  70% of 104.3 MiB
2026-10-09T07:27:11.0626382Z |■■■■■■■■■■■■■■■■■■■■■■■■■■■■■■■■■■■■■■■■■■■■■■■■■■■■■■■■■■■■■■■■                |  80% of 104.3 MiB
2026-10-09T07:27:11.1625814Z |■■■■■■■■■■■■■■■■■■■■■■■■■■■■■■■■■■■■■■■■■■■■■■■■■■■■■■■■■■■■■■■■■■■■■■■■        |  90% of 104.3 MiB
2026-10-09T07:27:11.2437707Z |■■■■■■■■■■■■■■■■■■■■■■■■■■■■■■■■■■■■■■■■■■■■■■■■■■■■■■■■■■■■■■■■■■■■■■■■■■■■■■■■| 100% of 104.3 MiB
2026-10-09T07:27:13.2156773Z Chromium Headless Shell 141.0.7390.37 (playwright build v1194) downloaded to /home/runner/.cache/ms-playwright/chromium_headless_shell-1194
2026-10-09T07:27:13.2948541Z ##[group]Run node scripts/serve.mjs &
2026-10-09T07:27:13.2949102Z [36;1mnode scripts/serve.mjs &[0m
2026-10-09T07:27:13.2990146Z shell: /usr/bin/bash -e {0}
2026-10-09T07:27:13.2990558Z env:
2026-10-09T07:27:13.2990873Z   GROUP: platforms
2026-10-09T07:27:13.2991263Z   CHECKS: check-platform-stations-browser.mjs
2026-10-09T07:27:13.2991638Z   PREPARE: 
2026-10-09T07:27:13.2991984Z ##[endgroup]
2026-10-09T07:27:13.3617249Z Preview http://127.0.0.1:4173
2026-10-09T07:27:18.3123944Z ##[group]Run node scripts/run-browser-checks.mjs --concurrency 1 --label "$GROUP" $CHECKS
2026-10-09T07:27:18.3124625Z [36;1mnode scripts/run-browser-checks.mjs --concurrency 1 --label "$GROUP" $CHECKS[0m
2026-10-09T07:27:18.3163841Z shell: /usr/bin/bash -e {0}
2026-10-09T07:27:18.3164253Z env:
2026-10-09T07:27:18.3164556Z   GROUP: platforms
2026-10-09T07:27:18.3164964Z   CHECKS: check-platform-stations-browser.mjs
2026-10-09T07:27:18.3165386Z   PREPARE: 
2026-10-09T07:27:18.3165676Z ##[endgroup]
2026-10-09T07:28:30.1518419Z [platform-stations] PASS: desktop busan, complete area lengths, recorded numbers and visible end labels at zoom 22
2026-10-09T07:29:07.4075297Z [platform-stations] PASS: desktop shin-osaka, complete area lengths, recorded numbers and visible end labels at zoom 22
2026-10-09T07:30:15.2008819Z [platform-stations] PASS: desktop washington, complete area lengths, recorded numbers and visible end labels at zoom 22
2026-10-09T07:30:21.8732039Z [platform-stations] PASS: desktop both packaged CJK fonts load without blocking startup
2026-10-09T07:30:55.1390737Z [platform-stations] PASS: mobile busan, complete area lengths, recorded numbers and visible end labels at zoom 22
2026-10-09T07:31:30.5560657Z [platform-stations] PASS: mobile shin-osaka, complete area lengths, recorded numbers and visible end labels at zoom 22
2026-10-09T07:32:08.7788975Z [platform-stations] PASS: mobile washington, complete area lengths, recorded numbers and visible end labels at zoom 22
2026-10-09T07:32:21.2860736Z [platform-stations] PASS: mobile both packaged CJK fonts load without blocking startup
2026-10-09T07:32:21.4218982Z PASS check-platform-stations-browser.mjs in 302.5 s
2026-10-09T07:32:24.1605140Z 
2026-10-09T07:32:24.1605859Z Browser checks:
2026-10-09T07:32:24.1606728Z   pass    302.5 s  check-platform-stations-browser.mjs
2026-10-09T07:32:24.1951542Z ##[group]Run actions/upload-artifact@v4
2026-10-09T07:32:24.1952009Z with:
2026-10-09T07:32:24.1952331Z   name: browser-review-platforms
2026-10-09T07:32:24.1952723Z   path: browser-review
2026-10-09T07:32:24.1953048Z   compression-level: 0
2026-10-09T07:32:24.1953411Z   if-no-files-found: warn
2026-10-09T07:32:24.1953752Z   overwrite: false
2026-10-09T07:32:24.1954069Z   include-hidden-files: false
2026-10-09T07:32:24.1954428Z env:
2026-10-09T07:32:24.1954744Z   GROUP: platforms
2026-10-09T07:32:24.1955094Z   CHECKS: check-platform-stations-browser.mjs
2026-10-09T07:32:24.1955488Z   PREPARE: 
2026-10-09T07:32:24.1955775Z ##[endgroup]
2026-10-09T07:32:24.3607261Z (node:3350) [DEP0040] DeprecationWarning: The `punycode` module is deprecated. Please use a userland alternative instead.
2026-10-09T07:32:24.3608241Z (Use `node --trace-deprecation ...` to show where the warning was created)
2026-10-09T07:32:24.3685203Z With the provided path, there will be 7 files uploaded
2026-10-09T07:32:24.3689730Z Artifact name is valid!
2026-10-09T07:32:24.3690768Z Root directory input is valid!
2026-10-09T07:32:24.6580501Z Beginning upload of artifact content to blob storage
2026-10-09T07:32:24.6867951Z (node:3350) [DEP0169] DeprecationWarning: `url.parse()` behavior is not standardized and prone to errors that have security implications. Use the WHATWG URL API instead. CVEs are not issued for `url.parse()` vulnerabilities.
2026-10-09T07:32:25.0147931Z Uploaded bytes 716819
2026-10-09T07:32:25.0575064Z Finished uploading artifact content to blob storage!
2026-10-09T07:32:25.0576073Z SHA256 digest of uploaded artifact zip is ad44b5389700487b659d899c85b8b8cdfb4b22dfb236c7c5578ca8545e562202
2026-10-09T07:32:25.0577623Z Finalizing artifact upload
2026-10-09T07:32:25.2970332Z Artifact browser-review-platforms.zip successfully finalized. Artifact ID 11602190221
2026-10-09T07:32:25.2971482Z Artifact browser-review-platforms has been successfully uploaded! Final size is 716819 bytes. Artifact ID is 11602190221
2026-10-09T07:32:25.2977631Z Artifact download URL: https://github.com/c933103/openrailwaystyle/actions/runs/37898693045/artifacts/11602190221
2026-10-09T07:32:25.3141556Z Post job cleanup.
2026-10-09T07:32:25.4401361Z (node:3363) [DEP0040] DeprecationWarning: The `punycode` module is deprecated. Please use a userland alternative instead.
2026-10-09T07:32:25.4402388Z (Use `node --trace-deprecation ...` to show where the warning was created)
2026-10-09T07:32:25.4564602Z Post job cleanup.
2026-10-09T07:32:25.5600544Z [command]/usr/bin/git version
2026-10-09T07:32:25.5649631Z git version 2.55.0
2026-10-09T07:32:25.5682165Z Temporarily overriding HOME='/home/runner/work/_temp/8cae5398-fcfc-429c-bbac-d3ba4f80670d' before making global git config changes
2026-10-09T07:32:25.5683924Z Adding repository directory to the temporary git global config as a safe directory
2026-10-09T07:32:25.5687994Z [command]/usr/bin/git config --global --add safe.directory /home/runner/work/openrailwaystyle/openrailwaystyle
2026-10-09T07:32:25.5724656Z [command]/usr/bin/git config --local --name-only --get-regexp core\.sshCommand
2026-10-09T07:32:25.5756169Z [command]/usr/bin/git submodule foreach --recursive sh -c "git config --local --name-only --get-regexp 'core\.sshCommand' && git config --local --unset-all 'core.sshCommand' || :"
2026-10-09T07:32:25.6001626Z [command]/usr/bin/git config --local --name-only --get-regexp http\.https\:\/\/github\.com\/\.extraheader
2026-10-09T07:32:25.6029070Z http.https://github.com/.extraheader
2026-10-09T07:32:25.6038735Z [command]/usr/bin/git config --local --unset-all http.https://github.com/.extraheader
2026-10-09T07:32:25.6083542Z [command]/usr/bin/git submodule foreach --recursive sh -c "git config --local --name-only --get-regexp 'http\.https\:\/\/github\.com\/\.extraheader' && git config --local --unset-all 'http.https://github.com/.extraheader' || :"
2026-10-09T07:32:25.6310782Z [command]/usr/bin/git config --local --name-only --get-regexp ^includeIf\.gitdir:
2026-10-09T07:32:25.6352839Z [command]/usr/bin/git submodule foreach --recursive git config --local --show-origin --name-only --get-regexp remote.origin.url
2026-10-09T07:32:25.6759593Z Cleaning up orphan processes
2026-10-09T07:32:25.7287324Z Terminate orphan process: pid (3148) (node)
2026-10-09T07:32:25.7305803Z ##[warning]Node.js 20 is deprecated. The following actions target Node.js 20 but are being forced to run on Node.js 24: actions/checkout@v4, actions/download-artifact@v4, actions/setup-node@v4, actions/upload-artifact@v4. For more information see: https://github.blog/changelog/2025-09-19-deprecation-of-node-20-on-github-actions-runners/
